../Core/Src/oled.c:18:6:OLED_Print	32	static
../Core/Src/oled.c:33:6:OLED_SetCursor	16	static
../Core/Src/oled.c:38:13:OLED_WriteCommand	32	static
../Core/Src/oled.c:43:13:OLED_WriteData	32	static
../Core/Src/oled.c:51:6:OLED_Reset	8	static
../Core/Src/oled.c:58:6:OLED_Init	8	static
../Core/Src/oled.c:82:6:OLED_Clear	8	static
../Core/Src/oled.c:86:6:OLED_UpdateScreen	16	static
../Core/Src/oled.c:95:6:OLED_DrawBitmap	16	static
../Core/Src/oled.c:100:6:OLED_DisplayStartupLogo	8	static
../Core/Src/oled.c:106:6:OLED_ShowDefaultScreen	32	static
../Core/Src/oled.c:129:6:OLED_ShowSettingsScreen	8	static
../Core/Src/oled.c:136:6:OLED_ShowSamplesScreen	8	static
