Archive member included to satisfy reference by file (symbol)

C:/ST/STM32CubeIDE_1.14.1/STM32CubeIDE/plugins/com.st.stm32cube.ide.mcu.externaltools.gnu-tools-for-stm32.11.3.rel1.win32_1.1.100.202309141235/tools/bin/../lib/gcc/arm-none-eabi/11.3.1/../../../../arm-none-eabi/lib/thumb/v7e-m+fp/hard\libc_nano.a(libc_a-exit.o)
                              C:/ST/STM32CubeIDE_1.14.1/STM32CubeIDE/plugins/com.st.stm32cube.ide.mcu.externaltools.gnu-tools-for-stm32.11.3.rel1.win32_1.1.100.202309141235/tools/bin/../lib/gcc/arm-none-eabi/11.3.1/../../../../arm-none-eabi/lib/thumb/v7e-m+fp/hard/crt0.o (exit)
C:/ST/STM32CubeIDE_1.14.1/STM32CubeIDE/plugins/com.st.stm32cube.ide.mcu.externaltools.gnu-tools-for-stm32.11.3.rel1.win32_1.1.100.202309141235/tools/bin/../lib/gcc/arm-none-eabi/11.3.1/../../../../arm-none-eabi/lib/thumb/v7e-m+fp/hard\libc_nano.a(libc_a-malloc.o)
                              ./Core/Src/oled.o (malloc)
C:/ST/STM32CubeIDE_1.14.1/STM32CubeIDE/plugins/com.st.stm32cube.ide.mcu.externaltools.gnu-tools-for-stm32.11.3.rel1.win32_1.1.100.202309141235/tools/bin/../lib/gcc/arm-none-eabi/11.3.1/../../../../arm-none-eabi/lib/thumb/v7e-m+fp/hard\libc_nano.a(libc_a-mallocr.o)
                              C:/ST/STM32CubeIDE_1.14.1/STM32CubeIDE/plugins/com.st.stm32cube.ide.mcu.externaltools.gnu-tools-for-stm32.11.3.rel1.win32_1.1.100.202309141235/tools/bin/../lib/gcc/arm-none-eabi/11.3.1/../../../../arm-none-eabi/lib/thumb/v7e-m+fp/hard\libc_nano.a(libc_a-malloc.o) (_malloc_r)
C:/ST/STM32CubeIDE_1.14.1/STM32CubeIDE/plugins/com.st.stm32cube.ide.mcu.externaltools.gnu-tools-for-stm32.11.3.rel1.win32_1.1.100.202309141235/tools/bin/../lib/gcc/arm-none-eabi/11.3.1/../../../../arm-none-eabi/lib/thumb/v7e-m+fp/hard\libc_nano.a(libc_a-mlock.o)
                              C:/ST/STM32CubeIDE_1.14.1/STM32CubeIDE/plugins/com.st.stm32cube.ide.mcu.externaltools.gnu-tools-for-stm32.11.3.rel1.win32_1.1.100.202309141235/tools/bin/../lib/gcc/arm-none-eabi/11.3.1/../../../../arm-none-eabi/lib/thumb/v7e-m+fp/hard\libc_nano.a(libc_a-mallocr.o) (__malloc_lock)
C:/ST/STM32CubeIDE_1.14.1/STM32CubeIDE/plugins/com.st.stm32cube.ide.mcu.externaltools.gnu-tools-for-stm32.11.3.rel1.win32_1.1.100.202309141235/tools/bin/../lib/gcc/arm-none-eabi/11.3.1/../../../../arm-none-eabi/lib/thumb/v7e-m+fp/hard\libc_nano.a(libc_a-findfp.o)
                              ./Middlewares/Third_Party/FreeRTOS/Source/tasks.o (__sf)
C:/ST/STM32CubeIDE_1.14.1/STM32CubeIDE/plugins/com.st.stm32cube.ide.mcu.externaltools.gnu-tools-for-stm32.11.3.rel1.win32_1.1.100.202309141235/tools/bin/../lib/gcc/arm-none-eabi/11.3.1/../../../../arm-none-eabi/lib/thumb/v7e-m+fp/hard\libc_nano.a(libc_a-fwalk.o)
                              C:/ST/STM32CubeIDE_1.14.1/STM32CubeIDE/plugins/com.st.stm32cube.ide.mcu.externaltools.gnu-tools-for-stm32.11.3.rel1.win32_1.1.100.202309141235/tools/bin/../lib/gcc/arm-none-eabi/11.3.1/../../../../arm-none-eabi/lib/thumb/v7e-m+fp/hard\libc_nano.a(libc_a-findfp.o) (_fwalk_sglue)
C:/ST/STM32CubeIDE_1.14.1/STM32CubeIDE/plugins/com.st.stm32cube.ide.mcu.externaltools.gnu-tools-for-stm32.11.3.rel1.win32_1.1.100.202309141235/tools/bin/../lib/gcc/arm-none-eabi/11.3.1/../../../../arm-none-eabi/lib/thumb/v7e-m+fp/hard\libc_nano.a(libc_a-sprintf.o)
                              ./Core/Src/main.o (sprintf)
C:/ST/STM32CubeIDE_1.14.1/STM32CubeIDE/plugins/com.st.stm32cube.ide.mcu.externaltools.gnu-tools-for-stm32.11.3.rel1.win32_1.1.100.202309141235/tools/bin/../lib/gcc/arm-none-eabi/11.3.1/../../../../arm-none-eabi/lib/thumb/v7e-m+fp/hard\libc_nano.a(libc_a-stdio.o)
                              C:/ST/STM32CubeIDE_1.14.1/STM32CubeIDE/plugins/com.st.stm32cube.ide.mcu.externaltools.gnu-tools-for-stm32.11.3.rel1.win32_1.1.100.202309141235/tools/bin/../lib/gcc/arm-none-eabi/11.3.1/../../../../arm-none-eabi/lib/thumb/v7e-m+fp/hard\libc_nano.a(libc_a-findfp.o) (__sread)
C:/ST/STM32CubeIDE_1.14.1/STM32CubeIDE/plugins/com.st.stm32cube.ide.mcu.externaltools.gnu-tools-for-stm32.11.3.rel1.win32_1.1.100.202309141235/tools/bin/../lib/gcc/arm-none-eabi/11.3.1/../../../../arm-none-eabi/lib/thumb/v7e-m+fp/hard\libc_nano.a(libc_a-memset.o)
                              C:/ST/STM32CubeIDE_1.14.1/STM32CubeIDE/plugins/com.st.stm32cube.ide.mcu.externaltools.gnu-tools-for-stm32.11.3.rel1.win32_1.1.100.202309141235/tools/bin/../lib/gcc/arm-none-eabi/11.3.1/../../../../arm-none-eabi/lib/thumb/v7e-m+fp/hard/crt0.o (memset)
C:/ST/STM32CubeIDE_1.14.1/STM32CubeIDE/plugins/com.st.stm32cube.ide.mcu.externaltools.gnu-tools-for-stm32.11.3.rel1.win32_1.1.100.202309141235/tools/bin/../lib/gcc/arm-none-eabi/11.3.1/../../../../arm-none-eabi/lib/thumb/v7e-m+fp/hard\libc_nano.a(libc_a-closer.o)
                              C:/ST/STM32CubeIDE_1.14.1/STM32CubeIDE/plugins/com.st.stm32cube.ide.mcu.externaltools.gnu-tools-for-stm32.11.3.rel1.win32_1.1.100.202309141235/tools/bin/../lib/gcc/arm-none-eabi/11.3.1/../../../../arm-none-eabi/lib/thumb/v7e-m+fp/hard\libc_nano.a(libc_a-stdio.o) (_close_r)
[...]
Memory Configuration

Name             Origin             Length             Attributes
RAM              0x0000000020000000 0x0000000000010000 xrw
FLASH            0x0000000008000000 0x0000000000020000 xr
*default*        0x0000000000000000 0xffffffffffffffff

Linker script and memory map

LOAD C:/ST/STM32CubeIDE_1.14.1/STM32CubeIDE/plugins/com.st.stm32cube.ide.mcu.externaltools.gnu-tools-for-stm32.11.3.rel1.win32_1.1.100.202309141235/tools/bin/../lib/gcc/arm-none-eabi/11.3.1/thumb/v7e-m+fp/hard/crti.o
LOAD C:/ST/STM32CubeIDE_1.14.1/STM32CubeIDE/plugins/com.st.stm32cube.ide.mcu.externaltools.gnu-tools-for-stm32.11.3.rel1.win32_1.1.100.202309141235/tools/bin/../lib/gcc/arm-none-eabi/11.3.1/thumb/v7e-m+fp/hard/crtbegin.o
LOAD C:/ST/STM32CubeIDE_1.14.1/STM32CubeIDE/plugins/com.st.stm32cube.ide.mcu.externaltools.gnu-tools-for-stm32.11.3.rel1.win32_1.1.100.202309141235/tools/bin/../lib/gcc/arm-none-eabi/11.3.1/../../../../arm-none-eabi/lib/thumb/v7e-m+fp/hard/crt0.o
LOAD ./Core/Src/freertos.o
LOAD ./Core/Src/logo.o
LOAD ./Core/Src/main.o
LOAD ./Core/Src/oled.o
LOAD ./Core/Src/stm32f4xx_hal_msp.o
LOAD ./Core/Src/stm32f4xx_hal_timebase_tim.o
LOAD ./Core/Src/stm32f4xx_it.o
LOAD ./Core/Src/syscalls.o
LOAD ./Core/Src/sysmem.o
LOAD ./Core/Src/system_stm32f4xx.o
LOAD ./Core/Startup/startup_stm32f401cbux.o
LOAD ./Drivers/STM32F4xx_HAL_Driver/Src/stm32f4xx_hal.o
LOAD ./Drivers/STM32F4xx_HAL_Driver/Src/stm32f4xx_hal_cortex.o
LOAD ./Drivers/STM32F4xx_HAL_Driver/Src/stm32f4xx_hal_dma.o
LOAD ./Drivers/STM32F4xx_HAL_Driver/Src/stm32f4xx_hal_dma_ex.o
LOAD ./Drivers/STM32F4xx_HAL_Driver/Src/stm32f4xx_hal_exti.o
LOAD ./Drivers/STM32F4xx_HAL_Driver/Src/stm32f4xx_hal_flash.o
LOAD ./Drivers/STM32F4xx_HAL_Driver/Src/stm32f4xx_hal_flash_ex.o
LOAD ./Drivers/STM32F4xx_HAL_Driver/Src/stm32f4xx_hal_flash_ramfunc.o
LOAD ./Drivers/STM32F4xx_HAL_Driver/Src/stm32f4xx_hal_gpio.o
LOAD ./Drivers/STM32F4xx_HAL_Driver/Src/stm32f4xx_hal_i2c.o
LOAD ./Drivers/STM32F4xx_HAL_Driver/Src/stm32f4xx_hal_i2c_ex.o
LOAD ./Drivers/STM32F4xx_HAL_Driver/Src/stm32f4xx_hal_i2s.o
LOAD ./Drivers/STM32F4xx_HAL_Driver/Src/stm32f4xx_hal_i2s_ex.o
LOAD ./Drivers/STM32F4xx_HAL_Driver/Src/stm32f4xx_hal_pcd.o
LOAD ./Drivers/STM32F4xx_HAL_Driver/Src/stm32f4xx_hal_pcd_ex.o
LOAD ./Drivers/STM32F4xx_HAL_Driver/Src/stm32f4xx_hal_pwr.o
LOAD ./Drivers/STM32F4xx_HAL_Driver/Src/stm32f4xx_hal_pwr_ex.o
LOAD ./Drivers/STM32F4xx_HAL_Driver/Src/stm32f4xx_hal_rcc.o
LOAD ./Drivers/STM32F4xx_HAL_Driver/Src/stm32f4xx_hal_rcc_ex.o
LOAD ./Drivers/STM32F4xx_HAL_Driver/Src/stm32f4xx_hal_spi.o
LOAD ./Drivers/STM32F4xx_HAL_Driver/Src/stm32f4xx_hal_tim.o
LOAD ./Drivers/STM32F4xx_HAL_Driver/Src/stm32f4xx_hal_tim_ex.o
LOAD ./Drivers/STM32F4xx_HAL_Driver/Src/stm32f4xx_ll_usb.o
LOAD ./Middlewares/ST/STM32_USB_Device_Library/Class/CDC/Src/usbd_cdc.o
LOAD ./Middlewares/ST/STM32_USB_Device_Library/Core/Src/usbd_core.o
LOAD ./Middlewares/ST/STM32_USB_Device_Library/Core/Src/usbd_ctlreq.o
LOAD ./Middlewares/ST/STM32_USB_Device_Library/Core/Src/usbd_ioreq.o
LOAD ./Middlewares/Third_Party/FreeRTOS/Source/CMSIS_RTOS_V2/cmsis_os2.o
LOAD ./Middlewares/Third_Party/FreeRTOS/Source/croutine.o
LOAD ./Middlewares/Third_Party/FreeRTOS/Source/event_groups.o
LOAD ./Middlewares/Third_Party/FreeRTOS/Source/list.o
LOAD ./Middlewares/Third_Party/FreeRTOS/Source/queue.o
LOAD ./Middlewares/Third_Party/FreeRTOS/Source/stream_buffer.o
LOAD ./Middlewares/Third_Party/FreeRTOS/Source/tasks.o
LOAD ./Middlewares/Third_Party/FreeRTOS/Source/timers.o
LOAD ./Middlewares/Third_Party/FreeRTOS/Source/portable/GCC/ARM_CM4F/port.o
LOAD ./Middlewares/Third_Party/FreeRTOS/Source/portable/MemMang/heap_4.o
LOAD ./USB_DEVICE/App/usb_device.o
LOAD ./USB_DEVICE/App/usbd_cdc_if.o
LOAD ./USB_DEVICE/App/usbd_desc.o
LOAD ./USB_DEVICE/Target/usbd_conf.o
START GROUP
LOAD C:/ST/STM32CubeIDE_1.14.1/STM32CubeIDE/plugins/com.st.stm32cube.ide.mcu.externaltools.gnu-tools-for-stm32.11.3.rel1.win32_1.1.100.202309141235/tools/bin/../lib/gcc/arm-none-eabi/11.3.1/../../../../arm-none-eabi/lib/thumb/v7e-m+fp/hard\libc_nano.a
LOAD C:/ST/STM32CubeIDE_1.14.1/STM32CubeIDE/plugins/com.st.stm32cube.ide.mcu.externaltools.gnu-tools-for-stm32.11.3.rel1.win32_1.1.100.202309141235/tools/bin/../lib/gcc/arm-none-eabi/11.3.1/../../../../arm-none-eabi/lib/thumb/v7e-m+fp/hard\libm.a
END GROUP
START GROUP
LOAD C:/ST/STM32CubeIDE_1.14.1/STM32CubeIDE/plugins/com.st.stm32cube.ide.mcu.externaltools.gnu-tools-for-stm32.11.3.rel1.win32_1.1.100.202309141235/tools/bin/../lib/gcc/arm-none-eabi/11.3.1/thumb/v7e-m+fp/hard\libgcc.a
LOAD C:/ST/STM32CubeIDE_1.14.1/STM32CubeIDE/plugins/com.st.stm32cube.ide.mcu.externaltools.gnu-tools-for-stm32.11.3.rel1.win32_1.1.100.202309141235/tools/bin/../lib/gcc/arm-none-eabi/11.3.1/../../../../arm-none-eabi/lib/thumb/v7e-m+fp/hard\libc_nano.a
END GROUP
START GROUP
LOAD C:/ST/STM32CubeIDE_1.14.1/STM32CubeIDE/plugins/com.st.stm32cube.ide.mcu.externaltools.gnu-tools-for-stm32.11.3.rel1.win32_1.1.100.202309141235/tools/bin/../lib/gcc/arm-none-eabi/11.3.1/thumb/v7e-m+fp/hard\libgcc.a
LOAD C:/ST/STM32CubeIDE_1.14.1/STM32CubeIDE/plugins/com.st.stm32cube.ide.mcu.externaltools.gnu-tools-for-stm32.11.3.rel1.win32_1.1.100.202309141235/tools/bin/../lib/gcc/arm-none-eabi/11.3.1/../../../../arm-none-eabi/lib/thumb/v7e-m+fp/hard\libc_nano.a
LOAD C:/ST/STM32CubeIDE_1.14.1/STM32CubeIDE/plugins/com.st.stm32cube.ide.mcu.externaltools.gnu-tools-for-stm32.11.3.rel1.win32_1.1.100.202309141235/tools/bin/../lib/gcc/arm-none-eabi/11.3.1/../../../../arm-none-eabi/lib/thumb/v7e-m+fp/hard\libnosys.a
END GROUP
START GROUP
LOAD C:/ST/STM32CubeIDE_1.14.1/STM32CubeIDE/plugins/com.st.stm32cube.ide.mcu.externaltools.gnu-tools-for-stm32.11.3.rel1.win32_1.1.100.202309141235/tools/bin/../lib/gcc/arm-none-eabi/11.3.1/thumb/v7e-m+fp/hard\libgcc.a
LOAD C:/ST/STM32CubeIDE_1.14.1/STM32CubeIDE/plugins/com.st.stm32cube.ide.mcu.externaltools.gnu-tools-for-stm32.11.3.rel1.win32_1.1.100.202309141235/tools/bin/../lib/gcc/arm-none-eabi/11.3.1/../../../../arm-none-eabi/lib/thumb/v7e-m+fp/hard\libc_nano.a
LOAD C:/ST/STM32CubeIDE_1.14.1/STM32CubeIDE/plugins/com.st.stm32cube.ide.mcu.externaltools.gnu-tools-for-stm32.11.3.rel1.win32_1.1.100.202309141235/tools/bin/../lib/gcc/arm-none-eabi/11.3.1/../../../../arm-none-eabi/lib/thumb/v7e-m+fp/hard\libnosys.a
END GROUP
LOAD C:/ST/STM32CubeIDE_1.14.1/STM32CubeIDE/plugins/com.st.stm32cube.ide.mcu.externaltools.gnu-tools-for-stm32.11.3.rel1.win32_1.1.100.202309141235/tools/bin/../lib/gcc/arm-none-eabi/11.3.1/thumb/v7e-m+fp/hard/crtend.o
LOAD C:/ST/STM32CubeIDE_1.14.1/STM32CubeIDE/plugins/com.st.stm32cube.ide.mcu.externaltools.gnu-tools-for-stm32.11.3.rel1.win32_1.1.100.202309141235/tools/bin/../lib/gcc/arm-none-eabi/11.3.1/thumb/v7e-m+fp/hard/crtn.o
                0x0000000020010000                _estack = (ORIGIN (RAM) + LENGTH (RAM))
                0x0000000000000200                _Min_Heap_Size = 0x200
                0x0000000000000400                _Min_Stack_Size = 0x400

.isr_vector     0x0000000008000000      0x194
                0x0000000008000000                . = ALIGN (0x4)
 *(.isr_vector)
 .isr_vector    0x0000000008000000      0x194 ./Core/Startup/startup_stm32f401cbux.o
                0x0000000008000000                g_pfnVectors
                0x0000000008000194                . = ALIGN (0x4)

.text           0x00000000080001a0     0xd158
                0x00000000080001a0                . = ALIGN (0x4)
 *(.text)
 .text          0x00000000080001a0       0x40 C:/ST/STM32CubeIDE_1.14.1/STM32CubeIDE/plugins/com.st.stm32cube.ide.mcu.externaltools.gnu-tools-for-stm32.11.3.rel1.win32_1.1.100.202309141235/tools/bin/../lib/gcc/arm-none-eabi/11.3.1/thumb/v7e-m+fp/hard/crtbegin.o
 .text          0x00000000080001e0       0x10 C:/ST/STM32CubeIDE_1.14.1/STM32CubeIDE/plugins/com.st.stm32cube.ide.mcu.externaltools.gnu-tools-for-stm32.11.3.rel1.win32_1.1.100.202309141235/tools/bin/../lib/gcc/arm-none-eabi/11.3.1/../../../../arm-none-eabi/lib/thumb/v7e-m+fp/hard\libc_nano.a(libc_a-strlen.o)
                0x00000000080001e0                strlen
 .text          0x00000000080001f0       0xa0 C:/ST/STM32CubeIDE_1.14.1/STM32CubeIDE/plugins/com.st.stm32cube.ide.mcu.externaltools.gnu-tools-for-stm32.11.3.rel1.win32_1.1.100.202309141235/tools/bin/../lib/gcc/arm-none-eabi/11.3.1/../../../../arm-none-eabi/lib/thumb/v7e-m+fp/hard\libc_nano.a(libc_a-memchr.o)
                0x00000000080001f0                memchr
 .text          0x0000000008000290       0x30 C:/ST/STM32CubeIDE_1.14.1/STM32CubeIDE/plugins/com.st.stm32cube.ide.mcu.externaltools.gnu-tools-for-stm32.11.3.rel1.win32_1.1.100.202309141235/tools/bin/../lib/gcc/arm-none-eabi/11.3.1/thumb/v7e-m+fp/hard\libgcc.a(_aeabi_uldivmod.o)
                0x0000000008000290                __aeabi_uldivmod
 .text          0x00000000080002c0      0x2c8 C:/ST/STM32CubeIDE_1.14.1/STM32CubeIDE/plugins/com.st.stm32cube.ide.mcu.externaltools.gnu-tools-for-stm32.11.3.rel1.win32_1.1.100.202309141235/tools/bin/../lib/gcc/arm-none-eabi/11.3.1/thumb/v7e-m+fp/hard\libgcc.a(_udivmoddi4.o)
                0x00000000080002c0                __udivmoddi4
 .text          0x0000000008000588        0x4 C:/ST/STM32CubeIDE_1.14.1/STM32CubeIDE/plugins/com.st.stm32cube.ide.mcu.externaltools.gnu-tools-for-stm32.11.3.rel1.win32_1.1.100.202309141235/tools/bin/../lib/gcc/arm-none-eabi/11.3.1/thumb/v7e-m+fp/hard\libgcc.a(_dvmd_tls.o)
                0x0000000008000588                __aeabi_idiv0
                0x0000000008000588                __aeabi_ldiv0
 *(.text*)
 .text.main     0x000000000800058c      0x10c ./Core/Src/main.o
                0x000000000800058c                main
 .text.SystemClock_Config
                0x0000000008000698       0xdc ./Core/Src/main.o
                0x0000000008000698                SystemClock_Config
 .text.MX_I2C1_Init
                0x0000000008000774       0x5c ./Core/Src/main.o
 .text.MX_I2S2_Init
                0x00000000080007d0       0x5c ./Core/Src/main.o
 .text.MX_SPI1_Init
                0x000000000800082c       0x6c ./Core/Src/main.o
 .text.MX_GPIO_Init
                0x0000000008000898      0x198 ./Core/Src/main.o
 .text.HAL_GPIO_EXTI_Callback
                0x0000000008000a30      0x248 ./Core/Src/main.o
                0x0000000008000a30                HAL_GPIO_EXTI_Callback
 .text.Start_Input_Task
                0x0000000008000c78      0x1a8 ./Core/Src/main.o
                0x0000000008000c78                Start_Input_Task
 .text.Start_UI_Control_Task
                0x0000000008000e20      0x208 ./Core/Src/main.o
                0x0000000008000e20                Start_UI_Control_Task
 .text.Start_Metronome_Engine_Task
                0x0000000008001028       0x10 ./Core/Src/main.o
                0x0000000008001028                Start_Metronome_Engine_Task
 .text.Start_Audio_Out_Task
                0x0000000008001038       0x10 ./Core/Src/main.o
                0x0000000008001038                Start_Audio_Out_Task
 .text.Screen_Task
                0x0000000008001048       0x90 ./Core/Src/main.o
                0x0000000008001048                Screen_Task
 .text.HAL_TIM_PeriodElapsedCallback
                0x00000000080010d8       0x1e ./Core/Src/main.o
                0x00000000080010d8                HAL_TIM_PeriodElapsedCallback
 .text.Error_Handler
                0x00000000080010f6        0xa ./Core/Src/main.o
                0x00000000080010f6                Error_Handler
 .text.OLED_Print
                0x0000000008001100       0xa8 ./Core/Src/oled.o
                0x0000000008001100                OLED_Print
 .text.OLED_SetCursor
                0x00000000080011a8       0x30 ./Core/Src/oled.o
                0x00000000080011a8                OLED_SetCursor
 .text.OLED_WriteCommand
                0x00000000080011d8       0x34 ./Core/Src/oled.o
 .text.OLED_WriteData
                0x000000000800120c       0x58 ./Core/Src/oled.o
 .text.OLED_Reset
                0x0000000008001264       0x30 ./Core/Src/oled.o
                0x0000000008001264                OLED_Reset
 .text.OLED_Init
                0x0000000008001294       0x7e ./Core/Src/oled.o
                0x0000000008001294                OLED_Init
 *fill*         0x0000000008001312        0x2 
 .text.OLED_Clear
                0x0000000008001314       0x18 ./Core/Src/oled.o
                0x0000000008001314                OLED_Clear
 .text.OLED_UpdateScreen
                0x000000000800132c       0x50 ./Core/Src/oled.o
                0x000000000800132c                OLED_UpdateScreen
 .text.OLED_DrawBitmap
                0x000000000800137c       0x2c ./Core/Src/oled.o
                0x000000000800137c                OLED_DrawBitmap
 .text.OLED_DisplayStartupLogo
                0x00000000080013a8       0x1c ./Core/Src/oled.o
                0x00000000080013a8                OLED_DisplayStartupLogo
 .text.OLED_ShowDefaultScreen
                0x00000000080013c4       0x8c ./Core/Src/oled.o
                0x00000000080013c4                OLED_ShowDefaultScreen
 .text.OLED_ShowSettingsScreen
                0x0000000008001450       0x24 ./Core/Src/oled.o
                0x0000000008001450                OLED_ShowSettingsScreen
 .text.OLED_ShowSamplesScreen
                0x0000000008001474       0x24 ./Core/Src/oled.o
                0x0000000008001474                OLED_ShowSamplesScreen
 .text.HAL_MspInit
                0x0000000008001498       0x58 ./Core/Src/stm32f4xx_hal_msp.o
                0x0000000008001498                HAL_MspInit
 .text.HAL_I2C_MspInit
                0x00000000080014f0       0x90 ./Core/Src/stm32f4xx_hal_msp.o
                0x00000000080014f0                HAL_I2C_MspInit
 .text.HAL_I2S_MspInit
                0x0000000008001580       0xe4 ./Core/Src/stm32f4xx_hal_msp.o
                0x0000000008001580                HAL_I2S_MspInit
 .text.HAL_SPI_MspInit
                0x0000000008001664       0x90 ./Core/Src/stm32f4xx_hal_msp.o
                0x0000000008001664                HAL_SPI_MspInit
 .text.HAL_InitTick
                0x00000000080016f4       0xf8 ./Core/Src/stm32f4xx_hal_timebase_tim.o
                0x00000000080016f4                HAL_InitTick
 .text.NMI_Handler
                0x00000000080017ec        0x6 ./Core/Src/stm32f4xx_it.o
                0x00000000080017ec                NMI_Handler
 .text.HardFault_Handler
                0x00000000080017f2        0x6 ./Core/Src/stm32f4xx_it.o
                0x00000000080017f2                HardFault_Handler
 .text.MemManage_Handler
                0x00000000080017f8        0x6 ./Core/Src/stm32f4xx_it.o
                0x00000000080017f8                MemManage_Handler
 .text.BusFault_Handler
                0x00000000080017fe        0x6 ./Core/Src/stm32f4xx_it.o
                0x00000000080017fe                BusFault_Handler
 .text.UsageFault_Handler
                0x0000000008001804        0x6 ./Core/Src/stm32f4xx_it.o
                0x0000000008001804                UsageFault_Handler
 .text.DebugMon_Handler
                0x000000000800180a        0xe ./Core/Src/stm32f4xx_it.o
                0x000000000800180a                DebugMon_Handler
 .text.EXTI0_IRQHandler
                0x0000000008001818        0xe ./Core/Src/stm32f4xx_it.o
                0x0000000008001818                EXTI0_IRQHandler
 .text.EXTI1_IRQHandler
                0x0000000008001826        0xe ./Core/Src/stm32f4xx_it.o
                0x0000000008001826                EXTI1_IRQHandler
 .text.EXTI2_IRQHandler
                0x0000000008001834        0xe ./Core/Src/stm32f4xx_it.o
                0x0000000008001834                EXTI2_IRQHandler
 .text.EXTI3_IRQHandler
                0x0000000008001842        0xe ./Core/Src/stm32f4xx_it.o
                0x0000000008001842                EXTI3_IRQHandler
 .text.EXTI4_IRQHandler
                0x0000000008001850        0xe ./Core/Src/stm32f4xx_it.o
                0x0000000008001850                EXTI4_IRQHandler
 .text.EXTI9_5_IRQHandler
                0x000000000800185e       0x1e ./Core/Src/stm32f4xx_it.o
                0x000000000800185e                EXTI9_5_IRQHandler
 .text.TIM2_IRQHandler
                0x000000000800187c       0x14 ./Core/Src/stm32f4xx_it.o
                0x000000000800187c                TIM2_IRQHandler
 .text.OTG_FS_IRQHandler
                0x0000000008001890       0x14 ./Core/Src/stm32f4xx_it.o
                0x0000000008001890                OTG_FS_IRQHandler
 .text._sbrk    0x00000000080018a4       0x6c ./Core/Src/sysmem.o
                0x00000000080018a4                _sbrk
 .text.SystemInit
                0x0000000008001910       0x24 ./Core/Src/system_stm32f4xx.o
                0x0000000008001910                SystemInit
 .text.Reset_Handler
                0x0000000008001934       0x50 ./Core/Startup/startup_stm32f401cbux.o
                0x0000000008001934                Reset_Handler
 .text.Default_Handler
                0x0000000008001984        0x2 ./Core/Startup/startup_stm32f401cbux.o
                0x0000000008001984                RTC_Alarm_IRQHandler
                0x0000000008001984                SPI4_IRQHandler
                0x0000000008001984                TIM1_CC_IRQHandler
                0x0000000008001984                DMA2_Stream5_IRQHandler
                0x0000000008001984                DMA1_Stream5_IRQHandler
                0x0000000008001984                PVD_IRQHandler
                0x0000000008001984                SDIO_IRQHandler
                0x0000000008001984                TAMP_STAMP_IRQHandler
                0x0000000008001984                TIM1_UP_TIM10_IRQHandler
                0x0000000008001984                I2C3_ER_IRQHandler
                0x0000000008001984                I2C2_EV_IRQHandler
                0x0000000008001984                DMA1_Stream2_IRQHandler
                0x0000000008001984                FPU_IRQHandler
                0x0000000008001984                DMA2_Stream2_IRQHandler
                0x0000000008001984                SPI1_IRQHandler
                0x0000000008001984                TIM1_BRK_TIM9_IRQHandler
                0x0000000008001984                DMA2_Stream3_IRQHandler
                0x0000000008001984                USART6_IRQHandler
                0x0000000008001984                DMA2_Stream0_IRQHandler
                0x0000000008001984                TIM4_IRQHandler
                0x0000000008001984                I2C1_EV_IRQHandler
                0x0000000008001984                DMA1_Stream6_IRQHandler
                0x0000000008001984                DMA1_Stream1_IRQHandler
                0x0000000008001984                TIM3_IRQHandler
                0x0000000008001984                RCC_IRQHandler
                0x0000000008001984                Default_Handler
                0x0000000008001984                EXTI15_10_IRQHandler
                0x0000000008001984                ADC_IRQHandler
                0x0000000008001984                DMA1_Stream7_IRQHandler
                0x0000000008001984                TIM5_IRQHandler
                0x0000000008001984                DMA2_Stream7_IRQHandler
                0x0000000008001984                I2C3_EV_IRQHandler
                0x0000000008001984                RTC_WKUP_IRQHandler
                0x0000000008001984                SPI2_IRQHandler
                0x0000000008001984                DMA1_Stream0_IRQHandler
                0x0000000008001984                WWDG_IRQHandler
                0x0000000008001984                OTG_FS_WKUP_IRQHandler
                0x0000000008001984                TIM1_TRG_COM_TIM11_IRQHandler
                0x0000000008001984                USART2_IRQHandler
                0x0000000008001984                I2C2_ER_IRQHandler
                0x0000000008001984                DMA2_Stream1_IRQHandler
                0x0000000008001984                FLASH_IRQHandler
                0x0000000008001984                DMA2_Stream4_IRQHandler
                0x0000000008001984                USART1_IRQHandler
                0x0000000008001984                SPI3_IRQHandler
                0x0000000008001984                DMA1_Stream4_IRQHandler
                0x0000000008001984                I2C1_ER_IRQHandler
                0x0000000008001984                DMA2_Stream6_IRQHandler
                0x0000000008001984                DMA1_Stream3_IRQHandler
 *fill*         0x0000000008001986        0x2 
 .text.HAL_Init
                0x0000000008001988       0x44 ./Drivers/STM32F4xx_HAL_Driver/Src/stm32f4xx_hal.o
                0x0000000008001988                HAL_Init
 .text.HAL_IncTick
                0x00000000080019cc       0x28 ./Drivers/STM32F4xx_HAL_Driver/Src/stm32f4xx_hal.o
                0x00000000080019cc                HAL_IncTick
 .text.HAL_GetTick
                0x00000000080019f4       0x18 ./Drivers/STM32F4xx_HAL_Driver/Src/stm32f4xx_hal.o
                0x00000000080019f4                HAL_GetTick
 .text.HAL_Delay
                0x0000000008001a0c       0x48 ./Drivers/STM32F4xx_HAL_Driver/Src/stm32f4xx_hal.o
                0x0000000008001a0c                HAL_Delay
 .text.__NVIC_SetPriorityGrouping
                0x0000000008001a54       0x48 ./Drivers/STM32F4xx_HAL_Driver/Src/stm32f4xx_hal_cortex.o
 .text.__NVIC_GetPriorityGrouping
                0x0000000008001a9c       0x1c ./Drivers/STM32F4xx_HAL_Driver/Src/stm32f4xx_hal_cortex.o
 .text.__NVIC_EnableIRQ
                0x0000000008001ab8       0x3c ./Drivers/STM32F4xx_HAL_Driver/Src/stm32f4xx_hal_cortex.o
 .text.__NVIC_SetPriority
                0x0000000008001af4       0x54 ./Drivers/STM32F4xx_HAL_Driver/Src/stm32f4xx_hal_cortex.o
 .text.NVIC_EncodePriority
                0x0000000008001b48       0x66 ./Drivers/STM32F4xx_HAL_Driver/Src/stm32f4xx_hal_cortex.o
 .text.HAL_NVIC_SetPriorityGrouping
                0x0000000008001bae       0x16 ./Drivers/STM32F4xx_HAL_Driver/Src/stm32f4xx_hal_cortex.o
                0x0000000008001bae                HAL_NVIC_SetPriorityGrouping
 .text.HAL_NVIC_SetPriority
                0x0000000008001bc4       0x38 ./Drivers/STM32F4xx_HAL_Driver/Src/stm32f4xx_hal_cortex.o
                0x0000000008001bc4                HAL_NVIC_SetPriority
 .text.HAL_NVIC_EnableIRQ
                0x0000000008001bfc       0x1c ./Drivers/STM32F4xx_HAL_Driver/Src/stm32f4xx_hal_cortex.o
                0x0000000008001bfc                HAL_NVIC_EnableIRQ
 .text.HAL_GPIO_Init
                0x0000000008001c18      0x308 ./Drivers/STM32F4xx_HAL_Driver/Src/stm32f4xx_hal_gpio.o
                0x0000000008001c18                HAL_GPIO_Init
 .text.HAL_GPIO_ReadPin
                0x0000000008001f20       0x30 ./Drivers/STM32F4xx_HAL_Driver/Src/stm32f4xx_hal_gpio.o
                0x0000000008001f20                HAL_GPIO_ReadPin
 .text.HAL_GPIO_WritePin
                0x0000000008001f50       0x32 ./Drivers/STM32F4xx_HAL_Driver/Src/stm32f4xx_hal_gpio.o
                0x0000000008001f50                HAL_GPIO_WritePin
 *fill*         0x0000000008001f82        0x2 
 .text.HAL_GPIO_EXTI_IRQHandler
                0x0000000008001f84       0x30 ./Drivers/STM32F4xx_HAL_Driver/Src/stm32f4xx_hal_gpio.o
                0x0000000008001f84                HAL_GPIO_EXTI_IRQHandler
 .text.HAL_I2C_Init
                0x0000000008001fb4      0x288 ./Drivers/STM32F4xx_HAL_Driver/Src/stm32f4xx_hal_i2c.o
                0x0000000008001fb4                HAL_I2C_Init
 .text.HAL_I2C_Master_Transmit
                0x000000000800223c      0x1fc ./Drivers/STM32F4xx_HAL_Driver/Src/stm32f4xx_hal_i2c.o
                0x000000000800223c                HAL_I2C_Master_Transmit
 .text.I2C_MasterRequestWrite
                0x0000000008002438      0x104 ./Drivers/STM32F4xx_HAL_Driver/Src/stm32f4xx_hal_i2c.o
 .text.I2C_WaitOnFlagUntilTimeout
                0x000000000800253c       0xf4 ./Drivers/STM32F4xx_HAL_Driver/Src/stm32f4xx_hal_i2c.o
 .text.I2C_WaitOnMasterAddressFlagUntilTimeout
                0x0000000008002630      0x140 ./Drivers/STM32F4xx_HAL_Driver/Src/stm32f4xx_hal_i2c.o
 .text.I2C_WaitOnTXEFlagUntilTimeout
                0x0000000008002770       0x90 ./Drivers/STM32F4xx_HAL_Driver/Src/stm32f4xx_hal_i2c.o
 .text.I2C_WaitOnBTFFlagUntilTimeout
                0x0000000008002800       0x90 ./Drivers/STM32F4xx_HAL_Driver/Src/stm32f4xx_hal_i2c.o
 .text.I2C_IsAcknowledgeFailed
                0x0000000008002890       0x5e ./Drivers/STM32F4xx_HAL_Driver/Src/stm32f4xx_hal_i2c.o
 *fill*         0x00000000080028ee        0x2 
 .text.HAL_I2S_Init
                0x00000000080028f0      0x280 ./Drivers/STM32F4xx_HAL_Driver/Src/stm32f4xx_hal_i2s.o
                0x00000000080028f0                HAL_I2S_Init
 .text.HAL_I2S_TxCpltCallback
                0x0000000008002b70       0x14 ./Drivers/STM32F4xx_HAL_Driver/Src/stm32f4xx_hal_i2s.o
                0x0000000008002b70                HAL_I2S_TxCpltCallback
 .text.HAL_I2S_RxCpltCallback
                0x0000000008002b84       0x14 ./Drivers/STM32F4xx_HAL_Driver/Src/stm32f4xx_hal_i2s.o
                0x0000000008002b84                HAL_I2S_RxCpltCallback
 .text.HAL_I2S_ErrorCallback
                0x0000000008002b98       0x14 ./Drivers/STM32F4xx_HAL_Driver/Src/stm32f4xx_hal_i2s.o
                0x0000000008002b98                HAL_I2S_ErrorCallback
 .text.I2S_Transmit_IT
                0x0000000008002bac       0x5c ./Drivers/STM32F4xx_HAL_Driver/Src/stm32f4xx_hal_i2s.o
 .text.I2S_Receive_IT
                0x0000000008002c08       0x5e ./Drivers/STM32F4xx_HAL_Driver/Src/stm32f4xx_hal_i2s.o
 .text.I2S_IRQHandler
                0x0000000008002c66      0x114 ./Drivers/STM32F4xx_HAL_Driver/Src/stm32f4xx_hal_i2s.o
 *fill*         0x0000000008002d7a        0x2 
 .text.HAL_I2SEx_FullDuplex_IRQHandler
                0x0000000008002d7c      0x2a8 ./Drivers/STM32F4xx_HAL_Driver/Src/stm32f4xx_hal_i2s_ex.o
                0x0000000008002d7c                HAL_I2SEx_FullDuplex_IRQHandler
 .text.HAL_I2SEx_TxRxCpltCallback
                0x0000000008003024       0x14 ./Drivers/STM32F4xx_HAL_Driver/Src/stm32f4xx_hal_i2s_ex.o
                0x0000000008003024                HAL_I2SEx_TxRxCpltCallback
 .text.I2SEx_TxISR_I2S
                0x0000000008003038       0x62 ./Drivers/STM32F4xx_HAL_Driver/Src/stm32f4xx_hal_i2s_ex.o
 *fill*         0x000000000800309a        0x2 
 .text.I2SEx_TxISR_I2SExt
                0x000000000800309c       0x98 ./Drivers/STM32F4xx_HAL_Driver/Src/stm32f4xx_hal_i2s_ex.o
 .text.I2SEx_RxISR_I2S
                0x0000000008003134       0x64 ./Drivers/STM32F4xx_HAL_Driver/Src/stm32f4xx_hal_i2s_ex.o
 .text.I2SEx_RxISR_I2SExt
                0x0000000008003198       0x98 ./Drivers/STM32F4xx_HAL_Driver/Src/stm32f4xx_hal_i2s_ex.o
 .text.HAL_PCD_Init
                0x0000000008003230      0x21e ./Drivers/STM32F4xx_HAL_Driver/Src/stm32f4xx_hal_pcd.o
                0x0000000008003230                HAL_PCD_Init
 .text.HAL_PCD_Start
                0x000000000800344e       0x6a ./Drivers/STM32F4xx_HAL_Driver/Src/stm32f4xx_hal_pcd.o
                0x000000000800344e                HAL_PCD_Start
 .text.HAL_PCD_IRQHandler
                0x00000000080034b8      0x942 ./Drivers/STM32F4xx_HAL_Driver/Src/stm32f4xx_hal_pcd.o
                0x00000000080034b8                HAL_PCD_IRQHandler
 .text.HAL_PCD_SetAddress
                0x0000000008003dfa       0x48 ./Drivers/STM32F4xx_HAL_Driver/Src/stm32f4xx_hal_pcd.o
                0x0000000008003dfa                HAL_PCD_SetAddress
 .text.HAL_PCD_EP_Open
                0x0000000008003e42       0xd4 ./Drivers/STM32F4xx_HAL_Driver/Src/stm32f4xx_hal_pcd.o
                0x0000000008003e42                HAL_PCD_EP_Open
 .text.HAL_PCD_EP_Close
                0x0000000008003f16       0x94 ./Drivers/STM32F4xx_HAL_Driver/Src/stm32f4xx_hal_pcd.o
                0x0000000008003f16                HAL_PCD_EP_Close
 .text.HAL_PCD_EP_Receive
                0x0000000008003faa       0x76 ./Drivers/STM32F4xx_HAL_Driver/Src/stm32f4xx_hal_pcd.o
                0x0000000008003faa                HAL_PCD_EP_Receive
 .text.HAL_PCD_EP_GetRxCount
                0x0000000008004020       0x30 ./Drivers/STM32F4xx_HAL_Driver/Src/stm32f4xx_hal_pcd.o
                0x0000000008004020                HAL_PCD_EP_GetRxCount
 .text.HAL_PCD_EP_Transmit
                0x0000000008004050       0x74 ./Drivers/STM32F4xx_HAL_Driver/Src/stm32f4xx_hal_pcd.o
                0x0000000008004050                HAL_PCD_EP_Transmit
 .text.HAL_PCD_EP_SetStall
                0x00000000080040c4       0xc6 ./Drivers/STM32F4xx_HAL_Driver/Src/stm32f4xx_hal_pcd.o
                0x00000000080040c4                HAL_PCD_EP_SetStall
 .text.HAL_PCD_EP_ClrStall
                0x000000000800418a       0xac ./Drivers/STM32F4xx_HAL_Driver/Src/stm32f4xx_hal_pcd.o
                0x000000000800418a                HAL_PCD_EP_ClrStall
 .text.HAL_PCD_EP_Abort
                0x0000000008004236       0x62 ./Drivers/STM32F4xx_HAL_Driver/Src/stm32f4xx_hal_pcd.o
                0x0000000008004236                HAL_PCD_EP_Abort
 .text.PCD_WriteEmptyTxFifo
                0x0000000008004298      0x118 ./Drivers/STM32F4xx_HAL_Driver/Src/stm32f4xx_hal_pcd.o
 .text.PCD_EP_OutXfrComplete_int
                0x00000000080043b0      0x1d0 ./Drivers/STM32F4xx_HAL_Driver/Src/stm32f4xx_hal_pcd.o
 .text.PCD_EP_OutSetupPacket_int
                0x0000000008004580       0x8c ./Drivers/STM32F4xx_HAL_Driver/Src/stm32f4xx_hal_pcd.o
 .text.HAL_PCDEx_SetTxFiFo
                0x000000000800460c       0x8e ./Drivers/STM32F4xx_HAL_Driver/Src/stm32f4xx_hal_pcd_ex.o
                0x000000000800460c                HAL_PCDEx_SetTxFiFo
 .text.HAL_PCDEx_SetRxFiFo
                0x000000000800469a       0x22 ./Drivers/STM32F4xx_HAL_Driver/Src/stm32f4xx_hal_pcd_ex.o
                0x000000000800469a                HAL_PCDEx_SetRxFiFo
 .text.HAL_PCDEx_LPM_Callback
                0x00000000080046bc       0x18 ./Drivers/STM32F4xx_HAL_Driver/Src/stm32f4xx_hal_pcd_ex.o
                0x00000000080046bc                HAL_PCDEx_LPM_Callback
 .text.HAL_RCC_OscConfig
                0x00000000080046d4      0x4f0 ./Drivers/STM32F4xx_HAL_Driver/Src/stm32f4xx_hal_rcc.o
                0x00000000080046d4                HAL_RCC_OscConfig
 .text.HAL_RCC_ClockConfig
                0x0000000008004bc4      0x1cc ./Drivers/STM32F4xx_HAL_Driver/Src/stm32f4xx_hal_rcc.o
                0x0000000008004bc4                HAL_RCC_ClockConfig
 .text.HAL_RCC_GetSysClockFreq
                0x0000000008004d90      0x18c ./Drivers/STM32F4xx_HAL_Driver/Src/stm32f4xx_hal_rcc.o
                0x0000000008004d90                HAL_RCC_GetSysClockFreq
 .text.HAL_RCC_GetHCLKFreq
                0x0000000008004f1c       0x18 ./Drivers/STM32F4xx_HAL_Driver/Src/stm32f4xx_hal_rcc.o
                0x0000000008004f1c                HAL_RCC_GetHCLKFreq
 .text.HAL_RCC_GetPCLK1Freq
                0x0000000008004f34       0x28 ./Drivers/STM32F4xx_HAL_Driver/Src/stm32f4xx_hal_rcc.o
                0x0000000008004f34                HAL_RCC_GetPCLK1Freq
 .text.HAL_RCC_GetClockConfig
                0x0000000008004f5c       0x64 ./Drivers/STM32F4xx_HAL_Driver/Src/stm32f4xx_hal_rcc.o
                0x0000000008004f5c                HAL_RCC_GetClockConfig
 .text.HAL_RCCEx_PeriphCLKConfig
                0x0000000008004fc0      0x1dc ./Drivers/STM32F4xx_HAL_Driver/Src/stm32f4xx_hal_rcc_ex.o
                0x0000000008004fc0                HAL_RCCEx_PeriphCLKConfig
 .text.HAL_RCCEx_GetPeriphCLKFreq
                0x000000000800519c       0xc0 ./Drivers/STM32F4xx_HAL_Driver/Src/stm32f4xx_hal_rcc_ex.o
                0x000000000800519c                HAL_RCCEx_GetPeriphCLKFreq
 .text.HAL_SPI_Init
                0x000000000800525c      0x112 ./Drivers/STM32F4xx_HAL_Driver/Src/stm32f4xx_hal_spi.o
                0x000000000800525c                HAL_SPI_Init
 .text.HAL_TIM_Base_Init
                0x000000000800536e       0x9e ./Drivers/STM32F4xx_HAL_Driver/Src/stm32f4xx_hal_tim.o
                0x000000000800536e                HAL_TIM_Base_Init
 .text.HAL_TIM_Base_MspInit
                0x000000000800540c       0x14 ./Drivers/STM32F4xx_HAL_Driver/Src/stm32f4xx_hal_tim.o
                0x000000000800540c                HAL_TIM_Base_MspInit
 .text.HAL_TIM_Base_Start_IT
                0x0000000008005420       0xc4 ./Drivers/STM32F4xx_HAL_Driver/Src/stm32f4xx_hal_tim.o
                0x0000000008005420                HAL_TIM_Base_Start_IT
 .text.HAL_TIM_IRQHandler
                0x00000000080054e4      0x1e0 ./Drivers/STM32F4xx_HAL_Driver/Src/stm32f4xx_hal_tim.o
                0x00000000080054e4                HAL_TIM_IRQHandler
 .text.HAL_TIM_OC_DelayElapsedCallback
                0x00000000080056c4       0x14 ./Drivers/STM32F4xx_HAL_Driver/Src/stm32f4xx_hal_tim.o
                0x00000000080056c4                HAL_TIM_OC_DelayElapsedCallback
 .text.HAL_TIM_IC_CaptureCallback
                0x00000000080056d8       0x14 ./Drivers/STM32F4xx_HAL_Driver/Src/stm32f4xx_hal_tim.o
                0x00000000080056d8                HAL_TIM_IC_CaptureCallback
 .text.HAL_TIM_PWM_PulseFinishedCallback
                0x00000000080056ec       0x14 ./Drivers/STM32F4xx_HAL_Driver/Src/stm32f4xx_hal_tim.o
                0x00000000080056ec                HAL_TIM_PWM_PulseFinishedCallback
 .text.HAL_TIM_TriggerCallback
                0x0000000008005700       0x14 ./Drivers/STM32F4xx_HAL_Driver/Src/stm32f4xx_hal_tim.o
                0x0000000008005700                HAL_TIM_TriggerCallback
 .text.TIM_Base_SetConfig
                0x0000000008005714      0x10c ./Drivers/STM32F4xx_HAL_Driver/Src/stm32f4xx_hal_tim.o
                0x0000000008005714                TIM_Base_SetConfig
 .text.HAL_TIMEx_CommutCallback
                0x0000000008005820       0x14 ./Drivers/STM32F4xx_HAL_Driver/Src/stm32f4xx_hal_tim_ex.o
                0x0000000008005820                HAL_TIMEx_CommutCallback
 .text.HAL_TIMEx_BreakCallback
                0x0000000008005834       0x14 ./Drivers/STM32F4xx_HAL_Driver/Src/stm32f4xx_hal_tim_ex.o
                0x0000000008005834                HAL_TIMEx_BreakCallback
 .text.USB_CoreInit
                0x0000000008005848       0xc8 ./Drivers/STM32F4xx_HAL_Driver/Src/stm32f4xx_ll_usb.o
                0x0000000008005848                USB_CoreInit
 .text.USB_SetTurnaroundTime
                0x0000000008005910      0x144 ./Drivers/STM32F4xx_HAL_Driver/Src/stm32f4xx_ll_usb.o
                0x0000000008005910                USB_SetTurnaroundTime
 .text.USB_EnableGlobalInt
                0x0000000008005a54       0x22 ./Drivers/STM32F4xx_HAL_Driver/Src/stm32f4xx_ll_usb.o
                0x0000000008005a54                USB_EnableGlobalInt
 .text.USB_DisableGlobalInt
                0x0000000008005a76       0x22 ./Drivers/STM32F4xx_HAL_Driver/Src/stm32f4xx_ll_usb.o
                0x0000000008005a76                USB_DisableGlobalInt
 .text.USB_SetCurrentMode
                0x0000000008005a98       0x98 ./Drivers/STM32F4xx_HAL_Driver/Src/stm32f4xx_ll_usb.o
                0x0000000008005a98                USB_SetCurrentMode
 .text.USB_DevInit
                0x0000000008005b30      0x2c8 ./Drivers/STM32F4xx_HAL_Driver/Src/stm32f4xx_ll_usb.o
                0x0000000008005b30                USB_DevInit
 .text.USB_FlushTxFifo
                0x0000000008005df8       0x64 ./Drivers/STM32F4xx_HAL_Driver/Src/stm32f4xx_ll_usb.o
                0x0000000008005df8                USB_FlushTxFifo
 .text.USB_FlushRxFifo
                0x0000000008005e5c       0x5c ./Drivers/STM32F4xx_HAL_Driver/Src/stm32f4xx_ll_usb.o
                0x0000000008005e5c                USB_FlushRxFifo
 .text.USB_SetDevSpeed
                0x0000000008005eb8       0x32 ./Drivers/STM32F4xx_HAL_Driver/Src/stm32f4xx_ll_usb.o
                0x0000000008005eb8                USB_SetDevSpeed
 .text.USB_GetDevSpeed
                0x0000000008005eea       0x4a ./Drivers/STM32F4xx_HAL_Driver/Src/stm32f4xx_ll_usb.o
                0x0000000008005eea                USB_GetDevSpeed
 .text.USB_ActivateEndpoint
                0x0000000008005f34      0x10e ./Drivers/STM32F4xx_HAL_Driver/Src/stm32f4xx_ll_usb.o
                0x0000000008005f34                USB_ActivateEndpoint
 *fill*         0x0000000008006042        0x2 
 .text.USB_DeactivateEndpoint
                0x0000000008006044      0x1b8 ./Drivers/STM32F4xx_HAL_Driver/Src/stm32f4xx_ll_usb.o
                0x0000000008006044                USB_DeactivateEndpoint
 .text.USB_EPStartXfer
                0x00000000080061fc      0x53c ./Drivers/STM32F4xx_HAL_Driver/Src/stm32f4xx_ll_usb.o
                0x00000000080061fc                USB_EPStartXfer
 .text.USB_EPStopXfer
                0x0000000008006738      0x154 ./Drivers/STM32F4xx_HAL_Driver/Src/stm32f4xx_ll_usb.o
                0x0000000008006738                USB_EPStopXfer
 .text.USB_WritePacket
                0x000000000800688c       0x7c ./Drivers/STM32F4xx_HAL_Driver/Src/stm32f4xx_ll_usb.o
                0x000000000800688c                USB_WritePacket
 .text.USB_ReadPacket
                0x0000000008006908       0xb0 ./Drivers/STM32F4xx_HAL_Driver/Src/stm32f4xx_ll_usb.o
                0x0000000008006908                USB_ReadPacket
 .text.USB_EPSetStall
                0x00000000080069b8       0xdc ./Drivers/STM32F4xx_HAL_Driver/Src/stm32f4xx_ll_usb.o
                0x00000000080069b8                USB_EPSetStall
 .text.USB_EPClearStall
                0x0000000008006a94       0xcc ./Drivers/STM32F4xx_HAL_Driver/Src/stm32f4xx_ll_usb.o
                0x0000000008006a94                USB_EPClearStall
 .text.USB_SetDevAddress
                0x0000000008006b60       0x4c ./Drivers/STM32F4xx_HAL_Driver/Src/stm32f4xx_ll_usb.o
                0x0000000008006b60                USB_SetDevAddress
 .text.USB_DevConnect
                0x0000000008006bac       0x42 ./Drivers/STM32F4xx_HAL_Driver/Src/stm32f4xx_ll_usb.o
                0x0000000008006bac                USB_DevConnect
 .text.USB_DevDisconnect
                0x0000000008006bee       0x42 ./Drivers/STM32F4xx_HAL_Driver/Src/stm32f4xx_ll_usb.o
                0x0000000008006bee                USB_DevDisconnect
 .text.USB_ReadInterrupts
                0x0000000008006c30       0x26 ./Drivers/STM32F4xx_HAL_Driver/Src/stm32f4xx_ll_usb.o
                0x0000000008006c30                USB_ReadInterrupts
 .text.USB_ReadDevAllOutEpInterrupt
                0x0000000008006c56       0x34 ./Drivers/STM32F4xx_HAL_Driver/Src/stm32f4xx_ll_usb.o
                0x0000000008006c56                USB_ReadDevAllOutEpInterrupt
 .text.USB_ReadDevAllInEpInterrupt
                0x0000000008006c8a       0x34 ./Drivers/STM32F4xx_HAL_Driver/Src/stm32f4xx_ll_usb.o
                0x0000000008006c8a                USB_ReadDevAllInEpInterrupt
 .text.USB_ReadDevOutEPInterrupt
                0x0000000008006cbe       0x3c ./Drivers/STM32F4xx_HAL_Driver/Src/stm32f4xx_ll_usb.o
                0x0000000008006cbe                USB_ReadDevOutEPInterrupt
 .text.USB_ReadDevInEPInterrupt
                0x0000000008006cfa       0x5c ./Drivers/STM32F4xx_HAL_Driver/Src/stm32f4xx_ll_usb.o
                0x0000000008006cfa                USB_ReadDevInEPInterrupt
 .text.USB_GetMode
                0x0000000008006d56       0x1c ./Drivers/STM32F4xx_HAL_Driver/Src/stm32f4xx_ll_usb.o
                0x0000000008006d56                USB_GetMode
 .text.USB_ActivateSetup
                0x0000000008006d72       0x46 ./Drivers/STM32F4xx_HAL_Driver/Src/stm32f4xx_ll_usb.o
                0x0000000008006d72                USB_ActivateSetup
 .text.USB_EP0_OutStart
                0x0000000008006db8       0xbc ./Drivers/STM32F4xx_HAL_Driver/Src/stm32f4xx_ll_usb.o
                0x0000000008006db8                USB_EP0_OutStart
 .text.USB_CoreReset
                0x0000000008006e74       0x70 ./Drivers/STM32F4xx_HAL_Driver/Src/stm32f4xx_ll_usb.o
 .text.USBD_CDC_Init
                0x0000000008006ee4      0x1f0 ./Middlewares/ST/STM32_USB_Device_Library/Class/CDC/Src/usbd_cdc.o
 .text.USBD_CDC_DeInit
                0x00000000080070d4      0x104 ./Middlewares/ST/STM32_USB_Device_Library/Class/CDC/Src/usbd_cdc.o
 .text.USBD_CDC_Setup
                0x00000000080071d8      0x1b8 ./Middlewares/ST/STM32_USB_Device_Library/Class/CDC/Src/usbd_cdc.o
 .text.USBD_CDC_DataIn
                0x0000000008007390       0xfe ./Middlewares/ST/STM32_USB_Device_Library/Class/CDC/Src/usbd_cdc.o
 .text.USBD_CDC_DataOut
                0x000000000800748e       0x70 ./Middlewares/ST/STM32_USB_Device_Library/Class/CDC/Src/usbd_cdc.o
 .text.USBD_CDC_EP0_RxReady
                0x00000000080074fe       0x76 ./Middlewares/ST/STM32_USB_Device_Library/Class/CDC/Src/usbd_cdc.o
 .text.USBD_CDC_GetFSCfgDesc
                0x0000000008007574       0x70 ./Middlewares/ST/STM32_USB_Device_Library/Class/CDC/Src/usbd_cdc.o
 .text.USBD_CDC_GetHSCfgDesc
                0x00000000080075e4       0x70 ./Middlewares/ST/STM32_USB_Device_Library/Class/CDC/Src/usbd_cdc.o
 .text.USBD_CDC_GetOtherSpeedCfgDesc
                0x0000000008007654       0x70 ./Middlewares/ST/STM32_USB_Device_Library/Class/CDC/Src/usbd_cdc.o
 .text.USBD_CDC_GetDeviceQualifierDescriptor
                0x00000000080076c4       0x20 ./Middlewares/ST/STM32_USB_Device_Library/Class/CDC/Src/usbd_cdc.o
                0x00000000080076c4                USBD_CDC_GetDeviceQualifierDescriptor
 .text.USBD_CDC_RegisterInterface
                0x00000000080076e4       0x34 ./Middlewares/ST/STM32_USB_Device_Library/Class/CDC/Src/usbd_cdc.o
                0x00000000080076e4                USBD_CDC_RegisterInterface
 .text.USBD_CDC_SetTxBuffer
                0x0000000008007718       0x44 ./Middlewares/ST/STM32_USB_Device_Library/Class/CDC/Src/usbd_cdc.o
                0x0000000008007718                USBD_CDC_SetTxBuffer
 .text.USBD_CDC_SetRxBuffer
                0x000000000800775c       0x3a ./Middlewares/ST/STM32_USB_Device_Library/Class/CDC/Src/usbd_cdc.o
                0x000000000800775c                USBD_CDC_SetRxBuffer
 *fill*         0x0000000008007796        0x2 
 .text.USBD_CDC_TransmitPacket
                0x0000000008007798       0x80 ./Middlewares/ST/STM32_USB_Device_Library/Class/CDC/Src/usbd_cdc.o
                0x0000000008007798                USBD_CDC_TransmitPacket
 .text.USBD_CDC_ReceivePacket
                0x0000000008007818       0x6c ./Middlewares/ST/STM32_USB_Device_Library/Class/CDC/Src/usbd_cdc.o
                0x0000000008007818                USBD_CDC_ReceivePacket
 .text.USBD_Init
                0x0000000008007884       0x60 ./Middlewares/ST/STM32_USB_Device_Library/Core/Src/usbd_core.o
                0x0000000008007884                USBD_Init
 .text.USBD_RegisterClass
                0x00000000080078e4       0x6c ./Middlewares/ST/STM32_USB_Device_Library/Core/Src/usbd_core.o
                0x00000000080078e4                USBD_RegisterClass
 .text.USBD_Start
                0x0000000008007950       0x18 ./Middlewares/ST/STM32_USB_Device_Library/Core/Src/usbd_core.o
                0x0000000008007950                USBD_Start
 .text.USBD_RunTestMode
                0x0000000008007968       0x16 ./Middlewares/ST/STM32_USB_Device_Library/Core/Src/usbd_core.o
                0x0000000008007968                USBD_RunTestMode
 .text.USBD_SetClassConfig
                0x000000000800797e       0x38 ./Middlewares/ST/STM32_USB_Device_Library/Core/Src/usbd_core.o
                0x000000000800797e                USBD_SetClassConfig
 .text.USBD_ClrClassConfig
                0x00000000080079b6       0x34 ./Middlewares/ST/STM32_USB_Device_Library/Core/Src/usbd_core.o
                0x00000000080079b6                USBD_ClrClassConfig
 .text.USBD_LL_SetupStage
                0x00000000080079ea       0xaa ./Middlewares/ST/STM32_USB_Device_Library/Core/Src/usbd_core.o
                0x00000000080079ea                USBD_LL_SetupStage
 .text.USBD_LL_DataOutStage
                0x0000000008007a94      0x178 ./Middlewares/ST/STM32_USB_Device_Library/Core/Src/usbd_core.o
                0x0000000008007a94                USBD_LL_DataOutStage
 .text.USBD_LL_DataInStage
                0x0000000008007c0c      0x176 ./Middlewares/ST/STM32_USB_Device_Library/Core/Src/usbd_core.o
                0x0000000008007c0c                USBD_LL_DataInStage
 .text.USBD_LL_Reset
                0x0000000008007d82       0xa6 ./Middlewares/ST/STM32_USB_Device_Library/Core/Src/usbd_core.o
                0x0000000008007d82                USBD_LL_Reset
 .text.USBD_LL_SetSpeed
                0x0000000008007e28       0x20 ./Middlewares/ST/STM32_USB_Device_Library/Core/Src/usbd_core.o
                0x0000000008007e28                USBD_LL_SetSpeed
 .text.USBD_LL_Suspend
                0x0000000008007e48       0x38 ./Middlewares/ST/STM32_USB_Device_Library/Core/Src/usbd_core.o
                0x0000000008007e48                USBD_LL_Suspend
 .text.USBD_LL_Resume
                0x0000000008007e80       0x30 ./Middlewares/ST/STM32_USB_Device_Library/Core/Src/usbd_core.o
                0x0000000008007e80                USBD_LL_Resume
 .text.USBD_LL_SOF
                0x0000000008007eb0       0x40 ./Middlewares/ST/STM32_USB_Device_Library/Core/Src/usbd_core.o
                0x0000000008007eb0                USBD_LL_SOF
 .text.USBD_LL_IsoINIncomplete
                0x0000000008007ef0       0x64 ./Middlewares/ST/STM32_USB_Device_Library/Core/Src/usbd_core.o
                0x0000000008007ef0                USBD_LL_IsoINIncomplete
 .text.USBD_LL_IsoOUTIncomplete
                0x0000000008007f54       0x64 ./Middlewares/ST/STM32_USB_Device_Library/Core/Src/usbd_core.o
                0x0000000008007f54                USBD_LL_IsoOUTIncomplete
 .text.USBD_LL_DevConnected
                0x0000000008007fb8       0x16 ./Middlewares/ST/STM32_USB_Device_Library/Core/Src/usbd_core.o
                0x0000000008007fb8                USBD_LL_DevConnected
 .text.USBD_LL_DevDisconnected
                0x0000000008007fce       0x46 ./Middlewares/ST/STM32_USB_Device_Library/Core/Src/usbd_core.o
                0x0000000008007fce                USBD_LL_DevDisconnected
 .text.USBD_CoreFindIF
                0x0000000008008014       0x1a ./Middlewares/ST/STM32_USB_Device_Library/Core/Src/usbd_core.o
                0x0000000008008014                USBD_CoreFindIF
 .text.USBD_CoreFindEP
                0x000000000800802e       0x1a ./Middlewares/ST/STM32_USB_Device_Library/Core/Src/usbd_core.o
                0x000000000800802e                USBD_CoreFindEP
 .text.USBD_GetEpDesc
                0x0000000008008048       0x74 ./Middlewares/ST/STM32_USB_Device_Library/Core/Src/usbd_core.o
                0x0000000008008048                USBD_GetEpDesc
 .text.USBD_GetNextDesc
                0x00000000080080bc       0x3a ./Middlewares/ST/STM32_USB_Device_Library/Core/Src/usbd_core.o
                0x00000000080080bc                USBD_GetNextDesc
 .text.SWAPBYTE
                0x00000000080080f6       0x3c ./Middlewares/ST/STM32_USB_Device_Library/Core/Src/usbd_ctlreq.o
 *fill*         0x0000000008008132        0x2 
 .text.USBD_StdDevReq
                0x0000000008008134       0xe4 ./Middlewares/ST/STM32_USB_Device_Library/Core/Src/usbd_ctlreq.o
                0x0000000008008134                USBD_StdDevReq
 .text.USBD_StdItfReq
                0x0000000008008218       0xd8 ./Middlewares/ST/STM32_USB_Device_Library/Core/Src/usbd_ctlreq.o
                0x0000000008008218                USBD_StdItfReq
 .text.USBD_StdEPReq
                0x00000000080082f0      0x33e ./Middlewares/ST/STM32_USB_Device_Library/Core/Src/usbd_ctlreq.o
                0x00000000080082f0                USBD_StdEPReq
 *fill*         0x000000000800862e        0x2 
 .text.USBD_GetDescriptor
                0x0000000008008630      0x2d4 ./Middlewares/ST/STM32_USB_Device_Library/Core/Src/usbd_ctlreq.o
 .text.USBD_SetAddress
                0x0000000008008904       0x88 ./Middlewares/ST/STM32_USB_Device_Library/Core/Src/usbd_ctlreq.o
 .text.USBD_SetConfig
                0x000000000800898c      0x154 ./Middlewares/ST/STM32_USB_Device_Library/Core/Src/usbd_ctlreq.o
 .text.USBD_GetConfig
                0x0000000008008ae0       0x6c ./Middlewares/ST/STM32_USB_Device_Library/Core/Src/usbd_ctlreq.o
 .text.USBD_GetStatus
                0x0000000008008b4c       0x68 ./Middlewares/ST/STM32_USB_Device_Library/Core/Src/usbd_ctlreq.o
 .text.USBD_SetFeature
                0x0000000008008bb4       0x52 ./Middlewares/ST/STM32_USB_Device_Library/Core/Src/usbd_ctlreq.o
 .text.USBD_ClrFeature
                0x0000000008008c06       0x44 ./Middlewares/ST/STM32_USB_Device_Library/Core/Src/usbd_ctlreq.o
 .text.USBD_ParseSetupRequest
                0x0000000008008c4a       0x74 ./Middlewares/ST/STM32_USB_Device_Library/Core/Src/usbd_ctlreq.o
                0x0000000008008c4a                USBD_ParseSetupRequest
 .text.USBD_CtlError
                0x0000000008008cbe       0x22 ./Middlewares/ST/STM32_USB_Device_Library/Core/Src/usbd_ctlreq.o
                0x0000000008008cbe                USBD_CtlError
 .text.USBD_GetString
                0x0000000008008ce0       0xa4 ./Middlewares/ST/STM32_USB_Device_Library/Core/Src/usbd_ctlreq.o
                0x0000000008008ce0                USBD_GetString
 .text.USBD_GetLen
                0x0000000008008d84       0x34 ./Middlewares/ST/STM32_USB_Device_Library/Core/Src/usbd_ctlreq.o
 .text.USBD_CtlSendData
                0x0000000008008db8       0x3c ./Middlewares/ST/STM32_USB_Device_Library/Core/Src/usbd_ioreq.o
                0x0000000008008db8                USBD_CtlSendData
 .text.USBD_CtlContinueSendData
                0x0000000008008df4       0x22 ./Middlewares/ST/STM32_USB_Device_Library/Core/Src/usbd_ioreq.o
                0x0000000008008df4                USBD_CtlContinueSendData
 .text.USBD_CtlPrepareRx
                0x0000000008008e16       0x42 ./Middlewares/ST/STM32_USB_Device_Library/Core/Src/usbd_ioreq.o
                0x0000000008008e16                USBD_CtlPrepareRx
 .text.USBD_CtlContinueRx
                0x0000000008008e58       0x22 ./Middlewares/ST/STM32_USB_Device_Library/Core/Src/usbd_ioreq.o
                0x0000000008008e58                USBD_CtlContinueRx
 .text.USBD_CtlSendStatus
                0x0000000008008e7a       0x26 ./Middlewares/ST/STM32_USB_Device_Library/Core/Src/usbd_ioreq.o
                0x0000000008008e7a                USBD_CtlSendStatus
 .text.USBD_CtlReceiveStatus
                0x0000000008008ea0       0x26 ./Middlewares/ST/STM32_USB_Device_Library/Core/Src/usbd_ioreq.o
                0x0000000008008ea0                USBD_CtlReceiveStatus
 *fill*         0x0000000008008ec6        0x2 
 .text.__NVIC_SetPriority
                0x0000000008008ec8       0x54 ./Middlewares/Third_Party/FreeRTOS/Source/CMSIS_RTOS_V2/cmsis_os2.o
 .text.SysTick_Handler
                0x0000000008008f1c       0x20 ./Middlewares/Third_Party/FreeRTOS/Source/CMSIS_RTOS_V2/cmsis_os2.o
                0x0000000008008f1c                SysTick_Handler
 .text.SVC_Setup
                0x0000000008008f3c       0x12 ./Middlewares/Third_Party/FreeRTOS/Source/CMSIS_RTOS_V2/cmsis_os2.o
 *fill*         0x0000000008008f4e        0x2 
 .text.osKernelInitialize
                0x0000000008008f50       0x48 ./Middlewares/Third_Party/FreeRTOS/Source/CMSIS_RTOS_V2/cmsis_os2.o
                0x0000000008008f50                osKernelInitialize
 .text.osKernelStart
                0x0000000008008f98       0x4c ./Middlewares/Third_Party/FreeRTOS/Source/CMSIS_RTOS_V2/cmsis_os2.o
                0x0000000008008f98                osKernelStart
 .text.osKernelGetTickCount
                0x0000000008008fe4       0x2a ./Middlewares/Third_Party/FreeRTOS/Source/CMSIS_RTOS_V2/cmsis_os2.o
                0x0000000008008fe4                osKernelGetTickCount
 .text.osThreadNew
                0x000000000800900e      0x124 ./Middlewares/Third_Party/FreeRTOS/Source/CMSIS_RTOS_V2/cmsis_os2.o
                0x000000000800900e                osThreadNew
 .text.osDelay  0x0000000008009132       0x36 ./Middlewares/Third_Party/FreeRTOS/Source/CMSIS_RTOS_V2/cmsis_os2.o
                0x0000000008009132                osDelay
 .text.osMessageQueueNew
                0x0000000008009168       0xe6 ./Middlewares/Third_Party/FreeRTOS/Source/CMSIS_RTOS_V2/cmsis_os2.o
                0x0000000008009168                osMessageQueueNew
 *fill*         0x000000000800924e        0x2 
 .text.osMessageQueuePut
                0x0000000008009250       0xc0 ./Middlewares/Third_Party/FreeRTOS/Source/CMSIS_RTOS_V2/cmsis_os2.o
                0x0000000008009250                osMessageQueuePut
 .text.osMessageQueueGet
                0x0000000008009310       0xbc ./Middlewares/Third_Party/FreeRTOS/Source/CMSIS_RTOS_V2/cmsis_os2.o
                0x0000000008009310                osMessageQueueGet
 .text.osMessageQueueReset
                0x00000000080093cc       0x44 ./Middlewares/Third_Party/FreeRTOS/Source/CMSIS_RTOS_V2/cmsis_os2.o
                0x00000000080093cc                osMessageQueueReset
 .text.vApplicationGetIdleTaskMemory
                0x0000000008009410       0x34 ./Middlewares/Third_Party/FreeRTOS/Source/CMSIS_RTOS_V2/cmsis_os2.o
                0x0000000008009410                vApplicationGetIdleTaskMemory
 .text.vApplicationGetTimerTaskMemory
                0x0000000008009444       0x34 ./Middlewares/Third_Party/FreeRTOS/Source/CMSIS_RTOS_V2/cmsis_os2.o
                0x0000000008009444                vApplicationGetTimerTaskMemory
 .text.vListInitialise
                0x0000000008009478       0x40 ./Middlewares/Third_Party/FreeRTOS/Source/list.o
                0x0000000008009478                vListInitialise
 .text.vListInitialiseItem
                0x00000000080094b8       0x1a ./Middlewares/Third_Party/FreeRTOS/Source/list.o
                0x00000000080094b8                vListInitialiseItem
 .text.vListInsertEnd
                0x00000000080094d2       0x48 ./Middlewares/Third_Party/FreeRTOS/Source/list.o
                0x00000000080094d2                vListInsertEnd
 .text.vListInsert
                0x000000000800951a       0x72 ./Middlewares/Third_Party/FreeRTOS/Source/list.o
                0x000000000800951a                vListInsert
 .text.uxListRemove
                0x000000000800958c       0x54 ./Middlewares/Third_Party/FreeRTOS/Source/list.o
                0x000000000800958c                uxListRemove
 .text.xQueueGenericReset
                0x00000000080095e0       0xd0 ./Middlewares/Third_Party/FreeRTOS/Source/queue.o
                0x00000000080095e0                xQueueGenericReset
 .text.xQueueGenericCreateStatic
                0x00000000080096b0       0xf0 ./Middlewares/Third_Party/FreeRTOS/Source/queue.o
                0x00000000080096b0                xQueueGenericCreateStatic
 .text.xQueueGenericCreate
                0x00000000080097a0       0x74 ./Middlewares/Third_Party/FreeRTOS/Source/queue.o
                0x00000000080097a0                xQueueGenericCreate
 .text.prvInitialiseNewQueue
                0x0000000008009814       0x46 ./Middlewares/Third_Party/FreeRTOS/Source/queue.o
 *fill*         0x000000000800985a        0x2 
 .text.xQueueGenericSend
                0x000000000800985c      0x1fc ./Middlewares/Third_Party/FreeRTOS/Source/queue.o
                0x000000000800985c                xQueueGenericSend
 .text.xQueueGenericSendFromISR
                0x0000000008009a58      0x136 ./Middlewares/Third_Party/FreeRTOS/Source/queue.o
                0x0000000008009a58                xQueueGenericSendFromISR
 *fill*         0x0000000008009b8e        0x2 
 .text.xQueueReceive
                0x0000000008009b90      0x1c0 ./Middlewares/Third_Party/FreeRTOS/Source/queue.o
                0x0000000008009b90                xQueueReceive
 .text.xQueueReceiveFromISR
                0x0000000008009d50      0x100 ./Middlewares/Third_Party/FreeRTOS/Source/queue.o
                0x0000000008009d50                xQueueReceiveFromISR
 .text.prvCopyDataToQueue
                0x0000000008009e50       0xd4 ./Middlewares/Third_Party/FreeRTOS/Source/queue.o
 .text.prvCopyDataFromQueue
                0x0000000008009f24       0x4c ./Middlewares/Third_Party/FreeRTOS/Source/queue.o
 .text.prvUnlockQueue
                0x0000000008009f70       0xa4 ./Middlewares/Third_Party/FreeRTOS/Source/queue.o
 .text.prvIsQueueEmpty
                0x000000000800a014       0x2c ./Middlewares/Third_Party/FreeRTOS/Source/queue.o
 .text.prvIsQueueFull
                0x000000000800a040       0x30 ./Middlewares/Third_Party/FreeRTOS/Source/queue.o
 .text.vQueueAddToRegistry
                0x000000000800a070       0x54 ./Middlewares/Third_Party/FreeRTOS/Source/queue.o
                0x000000000800a070                vQueueAddToRegistry
 .text.vQueueWaitForMessageRestricted
                0x000000000800a0c4       0x68 ./Middlewares/Third_Party/FreeRTOS/Source/queue.o
                0x000000000800a0c4                vQueueWaitForMessageRestricted
 .text.xTaskCreateStatic
                0x000000000800a12c       0xba ./Middlewares/Third_Party/FreeRTOS/Source/tasks.o
                0x000000000800a12c                xTaskCreateStatic
 .text.xTaskCreate
                0x000000000800a1e6       0x8a ./Middlewares/Third_Party/FreeRTOS/Source/tasks.o
                0x000000000800a1e6                xTaskCreate
 .text.prvInitialiseNewTask
                0x000000000800a270      0x14c ./Middlewares/Third_Party/FreeRTOS/Source/tasks.o
 .text.prvAddNewTaskToReadyList
                0x000000000800a3bc       0xe0 ./Middlewares/Third_Party/FreeRTOS/Source/tasks.o
 .text.vTaskDelay
                0x000000000800a49c       0x68 ./Middlewares/Third_Party/FreeRTOS/Source/tasks.o
                0x000000000800a49c                vTaskDelay
 .text.vTaskStartScheduler
                0x000000000800a504       0xe0 ./Middlewares/Third_Party/FreeRTOS/Source/tasks.o
                0x000000000800a504                vTaskStartScheduler
 .text.vTaskSuspendAll
                0x000000000800a5e4       0x1c ./Middlewares/Third_Party/FreeRTOS/Source/tasks.o
                0x000000000800a5e4                vTaskSuspendAll
 .text.xTaskResumeAll
                0x000000000800a600      0x13c ./Middlewares/Third_Party/FreeRTOS/Source/tasks.o
                0x000000000800a600                xTaskResumeAll
 .text.xTaskGetTickCount
                0x000000000800a73c       0x20 ./Middlewares/Third_Party/FreeRTOS/Source/tasks.o
                0x000000000800a73c                xTaskGetTickCount
 .text.xTaskGetTickCountFromISR
                0x000000000800a75c       0x24 ./Middlewares/Third_Party/FreeRTOS/Source/tasks.o
                0x000000000800a75c                xTaskGetTickCountFromISR
 .text.xTaskIncrementTick
                0x000000000800a780      0x174 ./Middlewares/Third_Party/FreeRTOS/Source/tasks.o
                0x000000000800a780                xTaskIncrementTick
 .text.vTaskSwitchContext
                0x000000000800a8f4       0xc8 ./Middlewares/Third_Party/FreeRTOS/Source/tasks.o
                0x000000000800a8f4                vTaskSwitchContext
 .text.vTaskPlaceOnEventList
                0x000000000800a9bc       0x48 ./Middlewares/Third_Party/FreeRTOS/Source/tasks.o
                0x000000000800a9bc                vTaskPlaceOnEventList
 .text.vTaskPlaceOnEventListRestricted
                0x000000000800aa04       0x58 ./Middlewares/Third_Party/FreeRTOS/Source/tasks.o
                0x000000000800aa04                vTaskPlaceOnEventListRestricted
 .text.xTaskRemoveFromEventList
                0x000000000800aa5c       0xc8 ./Middlewares/Third_Party/FreeRTOS/Source/tasks.o
                0x000000000800aa5c                xTaskRemoveFromEventList
 .text.vTaskInternalSetTimeOutState
                0x000000000800ab24       0x2c ./Middlewares/Third_Party/FreeRTOS/Source/tasks.o
                0x000000000800ab24                vTaskInternalSetTimeOutState
 .text.xTaskCheckForTimeOut
                0x000000000800ab50       0xc4 ./Middlewares/Third_Party/FreeRTOS/Source/tasks.o
                0x000000000800ab50                xTaskCheckForTimeOut
 .text.vTaskMissedYield
                0x000000000800ac14       0x18 ./Middlewares/Third_Party/FreeRTOS/Source/tasks.o
                0x000000000800ac14                vTaskMissedYield
 .text.prvIdleTask
                0x000000000800ac2c       0x30 ./Middlewares/Third_Party/FreeRTOS/Source/tasks.o
 .text.prvInitialiseTaskLists
                0x000000000800ac5c       0x80 ./Middlewares/Third_Party/FreeRTOS/Source/tasks.o
 .text.prvCheckTasksWaitingTermination
                0x000000000800acdc       0x5c ./Middlewares/Third_Party/FreeRTOS/Source/tasks.o
 .text.prvDeleteTCB
                0x000000000800ad38       0x68 ./Middlewares/Third_Party/FreeRTOS/Source/tasks.o
 .text.prvResetNextTaskUnblockTime
                0x000000000800ada0       0x40 ./Middlewares/Third_Party/FreeRTOS/Source/tasks.o
 .text.xTaskGetSchedulerState
                0x000000000800ade0       0x3c ./Middlewares/Third_Party/FreeRTOS/Source/tasks.o
                0x000000000800ade0                xTaskGetSchedulerState
 .text.xTaskPriorityDisinherit
                0x000000000800ae1c       0xdc ./Middlewares/Third_Party/FreeRTOS/Source/tasks.o
                0x000000000800ae1c                xTaskPriorityDisinherit
 .text.prvAddCurrentTaskToDelayedList
                0x000000000800aef8       0xa8 ./Middlewares/Third_Party/FreeRTOS/Source/tasks.o
 .text.xTimerCreateTimerTask
                0x000000000800afa0       0x90 ./Middlewares/Third_Party/FreeRTOS/Source/timers.o
                0x000000000800afa0                xTimerCreateTimerTask
 .text.xTimerGenericCommand
                0x000000000800b030       0x9c ./Middlewares/Third_Party/FreeRTOS/Source/timers.o
                0x000000000800b030                xTimerGenericCommand
 .text.prvProcessExpiredTimer
                0x000000000800b0cc       0x98 ./Middlewares/Third_Party/FreeRTOS/Source/timers.o
 .text.prvTimerTask
                0x000000000800b164       0x24 ./Middlewares/Third_Party/FreeRTOS/Source/timers.o
 .text.prvProcessTimerOrBlockTask
                0x000000000800b188       0x9c ./Middlewares/Third_Party/FreeRTOS/Source/timers.o
 .text.prvGetNextExpireTime
                0x000000000800b224       0x48 ./Middlewares/Third_Party/FreeRTOS/Source/timers.o
 .text.prvSampleTimeNow
                0x000000000800b26c       0x40 ./Middlewares/Third_Party/FreeRTOS/Source/timers.o
 .text.prvInsertTimerInActiveList
                0x000000000800b2ac       0x84 ./Middlewares/Third_Party/FreeRTOS/Source/timers.o
 .text.prvProcessReceivedCommands
                0x000000000800b330      0x1c4 ./Middlewares/Third_Party/FreeRTOS/Source/timers.o
 .text.prvSwitchTimerLists
                0x000000000800b4f4       0xc8 ./Middlewares/Third_Party/FreeRTOS/Source/timers.o
 .text.prvCheckForValidListAndQueue
                0x000000000800b5bc       0x80 ./Middlewares/Third_Party/FreeRTOS/Source/timers.o
 .text.pxPortInitialiseStack
                0x000000000800b63c       0x68 ./Middlewares/Third_Party/FreeRTOS/Source/portable/GCC/ARM_CM4F/port.o
                0x000000000800b63c                pxPortInitialiseStack
 .text.prvTaskExitError
                0x000000000800b6a4       0x58 ./Middlewares/Third_Party/FreeRTOS/Source/portable/GCC/ARM_CM4F/port.o
 *fill*         0x000000000800b6fc        0x4 
 .text.SVC_Handler
                0x000000000800b700       0x28 ./Middlewares/Third_Party/FreeRTOS/Source/portable/GCC/ARM_CM4F/port.o
                0x000000000800b700                SVC_Handler
 .text.prvPortStartFirstTask
                0x000000000800b728       0x28 ./Middlewares/Third_Party/FreeRTOS/Source/portable/GCC/ARM_CM4F/port.o
 .text.xPortStartScheduler
                0x000000000800b750      0x144 ./Middlewares/Third_Party/FreeRTOS/Source/portable/GCC/ARM_CM4F/port.o
                0x000000000800b750                xPortStartScheduler
 .text.vPortEnterCritical
                0x000000000800b894       0x60 ./Middlewares/Third_Party/FreeRTOS/Source/portable/GCC/ARM_CM4F/port.o
                0x000000000800b894                vPortEnterCritical
 .text.vPortExitCritical
                0x000000000800b8f4       0x54 ./Middlewares/Third_Party/FreeRTOS/Source/portable/GCC/ARM_CM4F/port.o
                0x000000000800b8f4                vPortExitCritical
 *fill*         0x000000000800b948        0x8 
 .text.PendSV_Handler
                0x000000000800b950       0x68 ./Middlewares/Third_Party/FreeRTOS/Source/portable/GCC/ARM_CM4F/port.o
                0x000000000800b950                PendSV_Handler
 .text.xPortSysTickHandler
                0x000000000800b9b8       0x44 ./Middlewares/Third_Party/FreeRTOS/Source/portable/GCC/ARM_CM4F/port.o
                0x000000000800b9b8                xPortSysTickHandler
 .text.vPortSetupTimerInterrupt
                0x000000000800b9fc       0x48 ./Middlewares/Third_Party/FreeRTOS/Source/portable/GCC/ARM_CM4F/port.o
                0x000000000800b9fc                vPortSetupTimerInterrupt
 .text.vPortEnableVFP
                0x000000000800ba44       0x14 ./Middlewares/Third_Party/FreeRTOS/Source/portable/GCC/ARM_CM4F/port.o
 .text.vPortValidateInterruptPriority
                0x000000000800ba58       0x80 ./Middlewares/Third_Party/FreeRTOS/Source/portable/GCC/ARM_CM4F/port.o
                0x000000000800ba58                vPortValidateInterruptPriority
 .text.pvPortMalloc
                0x000000000800bad8      0x198 ./Middlewares/Third_Party/FreeRTOS/Source/portable/MemMang/heap_4.o
                0x000000000800bad8                pvPortMalloc
 .text.vPortFree
                0x000000000800bc70       0xc4 ./Middlewares/Third_Party/FreeRTOS/Source/portable/MemMang/heap_4.o
                0x000000000800bc70                vPortFree
 .text.prvHeapInit
                0x000000000800bd34       0xc4 ./Middlewares/Third_Party/FreeRTOS/Source/portable/MemMang/heap_4.o
 .text.prvInsertBlockIntoFreeList
                0x000000000800bdf8       0xb4 ./Middlewares/Third_Party/FreeRTOS/Source/portable/MemMang/heap_4.o
 .text.MX_USB_DEVICE_Init
                0x000000000800beac       0x60 ./USB_DEVICE/App/usb_device.o
                0x000000000800beac                MX_USB_DEVICE_Init
 .text.CDC_Init_FS
                0x000000000800bf0c       0x28 ./USB_DEVICE/App/usbd_cdc_if.o
 .text.CDC_DeInit_FS
                0x000000000800bf34       0x10 ./USB_DEVICE/App/usbd_cdc_if.o
 .text.CDC_Control_FS
                0x000000000800bf44       0xbc ./USB_DEVICE/App/usbd_cdc_if.o
 .text.CDC_Receive_FS
                0x000000000800c000       0x28 ./USB_DEVICE/App/usbd_cdc_if.o
 .text.CDC_Transmit_FS
                0x000000000800c028       0x4c ./USB_DEVICE/App/usbd_cdc_if.o
                0x000000000800c028                CDC_Transmit_FS
 .text.CDC_TransmitCplt_FS
                0x000000000800c074       0x22 ./USB_DEVICE/App/usbd_cdc_if.o
 *fill*         0x000000000800c096        0x2 
 .text.USBD_FS_DeviceDescriptor
                0x000000000800c098       0x24 ./USB_DEVICE/App/usbd_desc.o
                0x000000000800c098                USBD_FS_DeviceDescriptor
 .text.USBD_FS_LangIDStrDescriptor
                0x000000000800c0bc       0x24 ./USB_DEVICE/App/usbd_desc.o
                0x000000000800c0bc                USBD_FS_LangIDStrDescriptor
 .text.USBD_FS_ProductStrDescriptor
                0x000000000800c0e0       0x3c ./USB_DEVICE/App/usbd_desc.o
                0x000000000800c0e0                USBD_FS_ProductStrDescriptor
 .text.USBD_FS_ManufacturerStrDescriptor
                0x000000000800c11c       0x28 ./USB_DEVICE/App/usbd_desc.o
                0x000000000800c11c                USBD_FS_ManufacturerStrDescriptor
 .text.USBD_FS_SerialStrDescriptor
                0x000000000800c144       0x24 ./USB_DEVICE/App/usbd_desc.o
                0x000000000800c144                USBD_FS_SerialStrDescriptor
 .text.USBD_FS_ConfigStrDescriptor
                0x000000000800c168       0x3c ./USB_DEVICE/App/usbd_desc.o
                0x000000000800c168                USBD_FS_ConfigStrDescriptor
 .text.USBD_FS_InterfaceStrDescriptor
                0x000000000800c1a4       0x3c ./USB_DEVICE/App/usbd_desc.o
                0x000000000800c1a4                USBD_FS_InterfaceStrDescriptor
 .text.Get_SerialNum
                0x000000000800c1e0       0x58 ./USB_DEVICE/App/usbd_desc.o
 .text.IntToUnicode
                0x000000000800c238       0x7e ./USB_DEVICE/App/usbd_desc.o
 *fill*         0x000000000800c2b6        0x2 
 .text.HAL_PCD_MspInit
                0x000000000800c2b8       0xa8 ./USB_DEVICE/Target/usbd_conf.o
                0x000000000800c2b8                HAL_PCD_MspInit
 .text.HAL_PCD_SetupStageCallback
                0x000000000800c360       0x24 ./USB_DEVICE/Target/usbd_conf.o
                0x000000000800c360                HAL_PCD_SetupStageCallback
 .text.HAL_PCD_DataOutStageCallback
                0x000000000800c384       0x36 ./USB_DEVICE/Target/usbd_conf.o
                0x000000000800c384                HAL_PCD_DataOutStageCallback
 .text.HAL_PCD_DataInStageCallback
                0x000000000800c3ba       0x34 ./USB_DEVICE/Target/usbd_conf.o
                0x000000000800c3ba                HAL_PCD_DataInStageCallback
 .text.HAL_PCD_SOFCallback
                0x000000000800c3ee       0x1c ./USB_DEVICE/Target/usbd_conf.o
                0x000000000800c3ee                HAL_PCD_SOFCallback
 .text.HAL_PCD_ResetCallback
                0x000000000800c40a       0x3c ./USB_DEVICE/Target/usbd_conf.o
                0x000000000800c40a                HAL_PCD_ResetCallback
 *fill*         0x000000000800c446        0x2 
 .text.HAL_PCD_SuspendCallback
                0x000000000800c448       0x4c ./USB_DEVICE/Target/usbd_conf.o
                0x000000000800c448                HAL_PCD_SuspendCallback
 .text.HAL_PCD_ResumeCallback
                0x000000000800c494       0x1c ./USB_DEVICE/Target/usbd_conf.o
                0x000000000800c494                HAL_PCD_ResumeCallback
 .text.HAL_PCD_ISOOUTIncompleteCallback
                0x000000000800c4b0       0x24 ./USB_DEVICE/Target/usbd_conf.o
                0x000000000800c4b0                HAL_PCD_ISOOUTIncompleteCallback
 .text.HAL_PCD_ISOINIncompleteCallback
                0x000000000800c4d4       0x24 ./USB_DEVICE/Target/usbd_conf.o
                0x000000000800c4d4                HAL_PCD_ISOINIncompleteCallback
 .text.HAL_PCD_ConnectCallback
                0x000000000800c4f8       0x1c ./USB_DEVICE/Target/usbd_conf.o
                0x000000000800c4f8                HAL_PCD_ConnectCallback
 .text.HAL_PCD_DisconnectCallback
                0x000000000800c514       0x1c ./USB_DEVICE/Target/usbd_conf.o
                0x000000000800c514                HAL_PCD_DisconnectCallback
 .text.USBD_LL_Init
                0x000000000800c530       0x98 ./USB_DEVICE/Target/usbd_conf.o
                0x000000000800c530                USBD_LL_Init
 .text.USBD_LL_Start
                0x000000000800c5c8       0x36 ./USB_DEVICE/Target/usbd_conf.o
                0x000000000800c5c8                USBD_LL_Start
 .text.USBD_LL_OpenEP
                0x000000000800c5fe       0x4c ./USB_DEVICE/Target/usbd_conf.o
                0x000000000800c5fe                USBD_LL_OpenEP
 .text.USBD_LL_CloseEP
                0x000000000800c64a       0x3e ./USB_DEVICE/Target/usbd_conf.o
                0x000000000800c64a                USBD_LL_CloseEP
 .text.USBD_LL_StallEP
                0x000000000800c688       0x3e ./USB_DEVICE/Target/usbd_conf.o
                0x000000000800c688                USBD_LL_StallEP
 .text.USBD_LL_ClearStallEP
                0x000000000800c6c6       0x3e ./USB_DEVICE/Target/usbd_conf.o
                0x000000000800c6c6                USBD_LL_ClearStallEP
 .text.USBD_LL_IsStallEP
                0x000000000800c704       0x58 ./USB_DEVICE/Target/usbd_conf.o
                0x000000000800c704                USBD_LL_IsStallEP
 .text.USBD_LL_SetUSBAddress
                0x000000000800c75c       0x3e ./USB_DEVICE/Target/usbd_conf.o
                0x000000000800c75c                USBD_LL_SetUSBAddress
 .text.USBD_LL_Transmit
                0x000000000800c79a       0x42 ./USB_DEVICE/Target/usbd_conf.o
                0x000000000800c79a                USBD_LL_Transmit
 .text.USBD_LL_PrepareReceive
                0x000000000800c7dc       0x42 ./USB_DEVICE/Target/usbd_conf.o
                0x000000000800c7dc                USBD_LL_PrepareReceive
 .text.USBD_LL_GetRxDataSize
                0x000000000800c81e       0x26 ./USB_DEVICE/Target/usbd_conf.o
                0x000000000800c81e                USBD_LL_GetRxDataSize
 .text.USBD_static_malloc
                0x000000000800c844       0x1c ./USB_DEVICE/Target/usbd_conf.o
                0x000000000800c844                USBD_static_malloc
 .text.USBD_static_free
                0x000000000800c860       0x14 ./USB_DEVICE/Target/usbd_conf.o
                0x000000000800c860                USBD_static_free
 .text.USBD_Get_USB_Status
                0x000000000800c874       0x58 ./USB_DEVICE/Target/usbd_conf.o
                0x000000000800c874                USBD_Get_USB_Status
 .text.malloc   0x000000000800c8cc       0x10 C:/ST/STM32CubeIDE_1.14.1/STM32CubeIDE/plugins/com.st.stm32cube.ide.mcu.externaltools.gnu-tools-for-stm32.11.3.rel1.win32_1.1.100.202309141235/tools/bin/../lib/gcc/arm-none-eabi/11.3.1/../../../../arm-none-eabi/lib/thumb/v7e-m+fp/hard\libc_nano.a(libc_a-malloc.o)
                0x000000000800c8cc                malloc
 .text.free     0x000000000800c8dc       0x10 C:/ST/STM32CubeIDE_1.14.1/STM32CubeIDE/plugins/com.st.stm32cube.ide.mcu.externaltools.gnu-tools-for-stm32.11.3.rel1.win32_1.1.100.202309141235/tools/bin/../lib/gcc/arm-none-eabi/11.3.1/../../../../arm-none-eabi/lib/thumb/v7e-m+fp/hard\libc_nano.a(libc_a-malloc.o)
                0x000000000800c8dc                free
 .text.sbrk_aligned
                0x000000000800c8ec       0x40 C:/ST/STM32CubeIDE_1.14.1/STM32CubeIDE/plugins/com.st.stm32cube.ide.mcu.externaltools.gnu-tools-for-stm32.11.3.rel1.win32_1.1.100.202309141235/tools/bin/../lib/gcc/arm-none-eabi/11.3.1/../../../../arm-none-eabi/lib/thumb/v7e-m+fp/hard\libc_nano.a(libc_a-mallocr.o)
 .text._malloc_r
                0x000000000800c92c      0x100 C:/ST/STM32CubeIDE_1.14.1/STM32CubeIDE/plugins/com.st.stm32cube.ide.mcu.externaltools.gnu-tools-for-stm32.11.3.rel1.win32_1.1.100.202309141235/tools/bin/../lib/gcc/arm-none-eabi/11.3.1/../../../../arm-none-eabi/lib/thumb/v7e-m+fp/hard\libc_nano.a(libc_a-mallocr.o)
                0x000000000800c92c                _malloc_r
 .text.__malloc_lock
                0x000000000800ca2c        0xc C:/ST/STM32CubeIDE_1.14.1/STM32CubeIDE/plugins/com.st.stm32cube.ide.mcu.externaltools.gnu-tools-for-stm32.11.3.rel1.win32_1.1.100.202309141235/tools/bin/../lib/gcc/arm-none-eabi/11.3.1/../../../../arm-none-eabi/lib/thumb/v7e-m+fp/hard\libc_nano.a(libc_a-mlock.o)
                0x000000000800ca2c                __malloc_lock
 .text.__malloc_unlock
                0x000000000800ca38        0xc C:/ST/STM32CubeIDE_1.14.1/STM32CubeIDE/plugins/com.st.stm32cube.ide.mcu.externaltools.gnu-tools-for-stm32.11.3.rel1.win32_1.1.100.202309141235/tools/bin/../lib/gcc/arm-none-eabi/11.3.1/../../../../arm-none-eabi/lib/thumb/v7e-m+fp/hard\libc_nano.a(libc_a-mlock.o)
                0x000000000800ca38                __malloc_unlock
 .text.sprintf  0x000000000800ca44       0x40 C:/ST/STM32CubeIDE_1.14.1/STM32CubeIDE/plugins/com.st.stm32cube.ide.mcu.externaltools.gnu-tools-for-stm32.11.3.rel1.win32_1.1.100.202309141235/tools/bin/../lib/gcc/arm-none-eabi/11.3.1/../../../../arm-none-eabi/lib/thumb/v7e-m+fp/hard\libc_nano.a(libc_a-sprintf.o)
                0x000000000800ca44                siprintf
                0x000000000800ca44                sprintf
 .text.memset   0x000000000800ca84       0x10 C:/ST/STM32CubeIDE_1.14.1/STM32CubeIDE/plugins/com.st.stm32cube.ide.mcu.externaltools.gnu-tools-for-stm32.11.3.rel1.win32_1.1.100.202309141235/tools/bin/../lib/gcc/arm-none-eabi/11.3.1/../../../../arm-none-eabi/lib/thumb/v7e-m+fp/hard\libc_nano.a(libc_a-memset.o)
                0x000000000800ca84                memset
 .text._reclaim_reent
                0x000000000800ca94       0xac C:/ST/STM32CubeIDE_1.14.1/STM32CubeIDE/plugins/com.st.stm32cube.ide.mcu.externaltools.gnu-tools-for-stm32.11.3.rel1.win32_1.1.100.202309141235/tools/bin/../lib/gcc/arm-none-eabi/11.3.1/../../../../arm-none-eabi/lib/thumb/v7e-m+fp/hard\libc_nano.a(libc_a-reent.o)
                0x000000000800ca94                _reclaim_reent
 .text._sbrk_r  0x000000000800cb40       0x20 C:/ST/STM32CubeIDE_1.14.1/STM32CubeIDE/plugins/com.st.stm32cube.ide.mcu.externaltools.gnu-tools-for-stm32.11.3.rel1.win32_1.1.100.202309141235/tools/bin/../lib/gcc/arm-none-eabi/11.3.1/../../../../arm-none-eabi/lib/thumb/v7e-m+fp/hard\libc_nano.a(libc_a-sbrkr.o)
                0x000000000800cb40                _sbrk_r
 .text.__errno  0x000000000800cb60        0xc C:/ST/STM32CubeIDE_1.14.1/STM32CubeIDE/plugins/com.st.stm32cube.ide.mcu.externaltools.gnu-tools-for-stm32.11.3.rel1.win32_1.1.100.202309141235/tools/bin/../lib/gcc/arm-none-eabi/11.3.1/../../../../arm-none-eabi/lib/thumb/v7e-m+fp/hard\libc_nano.a(libc_a-errno.o)
                0x000000000800cb60                __errno
 .text.__libc_init_array
                0x000000000800cb6c       0x48 C:/ST/STM32CubeIDE_1.14.1/STM32CubeIDE/plugins/com.st.stm32cube.ide.mcu.externaltools.gnu-tools-for-stm32.11.3.rel1.win32_1.1.100.202309141235/tools/bin/../lib/gcc/arm-none-eabi/11.3.1/../../../../arm-none-eabi/lib/thumb/v7e-m+fp/hard\libc_nano.a(libc_a-init.o)
                0x000000000800cb6c                __libc_init_array
 .text.__retarget_lock_acquire_recursive
                0x000000000800cbb4        0x2 C:/ST/STM32CubeIDE_1.14.1/STM32CubeIDE/plugins/com.st.stm32cube.ide.mcu.externaltools.gnu-tools-for-stm32.11.3.rel1.win32_1.1.100.202309141235/tools/bin/../lib/gcc/arm-none-eabi/11.3.1/../../../../arm-none-eabi/lib/thumb/v7e-m+fp/hard\libc_nano.a(libc_a-lock.o)
                0x000000000800cbb4                __retarget_lock_acquire_recursive
 .text.__retarget_lock_release_recursive
                0x000000000800cbb6        0x2 C:/ST/STM32CubeIDE_1.14.1/STM32CubeIDE/plugins/com.st.stm32cube.ide.mcu.externaltools.gnu-tools-for-stm32.11.3.rel1.win32_1.1.100.202309141235/tools/bin/../lib/gcc/arm-none-eabi/11.3.1/../../../../arm-none-eabi/lib/thumb/v7e-m+fp/hard\libc_nano.a(libc_a-lock.o)
                0x000000000800cbb6                __retarget_lock_release_recursive
 .text.memcpy   0x000000000800cbb8       0x1c C:/ST/STM32CubeIDE_1.14.1/STM32CubeIDE/plugins/com.st.stm32cube.ide.mcu.externaltools.gnu-tools-for-stm32.11.3.rel1.win32_1.1.100.202309141235/tools/bin/../lib/gcc/arm-none-eabi/11.3.1/../../../../arm-none-eabi/lib/thumb/v7e-m+fp/hard\libc_nano.a(libc_a-memcpy-stub.o)
                0x000000000800cbb8                memcpy
 .text._free_r  0x000000000800cbd4       0x98 C:/ST/STM32CubeIDE_1.14.1/STM32CubeIDE/plugins/com.st.stm32cube.ide.mcu.externaltools.gnu-tools-for-stm32.11.3.rel1.win32_1.1.100.202309141235/tools/bin/../lib/gcc/arm-none-eabi/11.3.1/../../../../arm-none-eabi/lib/thumb/v7e-m+fp/hard\libc_nano.a(libc_a-freer.o)
                0x000000000800cbd4                _free_r
 .text.__ssputs_r
                0x000000000800cc6c       0xb4 C:/ST/STM32CubeIDE_1.14.1/STM32CubeIDE/plugins/com.st.stm32cube.ide.mcu.externaltools.gnu-tools-for-stm32.11.3.rel1.win32_1.1.100.202309141235/tools/bin/../lib/gcc/arm-none-eabi/11.3.1/../../../../arm-none-eabi/lib/thumb/v7e-m+fp/hard\libc_nano.a(libc_a-nano-svfprintf.o)
                0x000000000800cc6c                __ssputs_r
 .text._svfprintf_r
                0x000000000800cd20      0x1fc C:/ST/STM32CubeIDE_1.14.1/STM32CubeIDE/plugins/com.st.stm32cube.ide.mcu.externaltools.gnu-tools-for-stm32.11.3.rel1.win32_1.1.100.202309141235/tools/bin/../lib/gcc/arm-none-eabi/11.3.1/../../../../arm-none-eabi/lib/thumb/v7e-m+fp/hard\libc_nano.a(libc_a-nano-svfprintf.o)
                0x000000000800cd20                _svfiprintf_r
                0x000000000800cd20                _svfprintf_r
 .text._printf_common
                0x000000000800cf1c       0xda C:/ST/STM32CubeIDE_1.14.1/STM32CubeIDE/plugins/com.st.stm32cube.ide.mcu.externaltools.gnu-tools-for-stm32.11.3.rel1.win32_1.1.100.202309141235/tools/bin/../lib/gcc/arm-none-eabi/11.3.1/../../../../arm-none-eabi/lib/thumb/v7e-m+fp/hard\libc_nano.a(libc_a-nano-vfprintf_i.o)
                0x000000000800cf1c                _printf_common
 *fill*         0x000000000800cff6        0x2 
 .text._printf_i
                0x000000000800cff8      0x244 C:/ST/STM32CubeIDE_1.14.1/STM32CubeIDE/plugins/com.st.stm32cube.ide.mcu.externaltools.gnu-tools-for-stm32.11.3.rel1.win32_1.1.100.202309141235/tools/bin/../lib/gcc/arm-none-eabi/11.3.1/../../../../arm-none-eabi/lib/thumb/v7e-m+fp/hard\libc_nano.a(libc_a-nano-vfprintf_i.o)
                0x000000000800cff8                _printf_i
 .text.memmove  0x000000000800d23c       0x34 C:/ST/STM32CubeIDE_1.14.1/STM32CubeIDE/plugins/com.st.stm32cube.ide.mcu.externaltools.gnu-tools-for-stm32.11.3.rel1.win32_1.1.100.202309141235/tools/bin/../lib/gcc/arm-none-eabi/11.3.1/../../../../arm-none-eabi/lib/thumb/v7e-m+fp/hard\libc_nano.a(libc_a-memmove.o)
                0x000000000800d23c                memmove
 .text._realloc_r
                0x000000000800d270       0x5e C:/ST/STM32CubeIDE_1.14.1/STM32CubeIDE/plugins/com.st.stm32cube.ide.mcu.externaltools.gnu-tools-for-stm32.11.3.rel1.win32_1.1.100.202309141235/tools/bin/../lib/gcc/arm-none-eabi/11.3.1/../../../../arm-none-eabi/lib/thumb/v7e-m+fp/hard\libc_nano.a(libc_a-reallocr.o)
                0x000000000800d270                _realloc_r
 .text._malloc_usable_size_r
                0x000000000800d2ce       0x10 C:/ST/STM32CubeIDE_1.14.1/STM32CubeIDE/plugins/com.st.stm32cube.ide.mcu.externaltools.gnu-tools-for-stm32.11.3.rel1.win32_1.1.100.202309141235/tools/bin/../lib/gcc/arm-none-eabi/11.3.1/../../../../arm-none-eabi/lib/thumb/v7e-m+fp/hard\libc_nano.a(libc_a-msizer.o)
                0x000000000800d2ce                _malloc_usable_size_r
 *(.glue_7)
 .glue_7        0x000000000800d2de        0x0 linker stubs
 *(.glue_7t)
 .glue_7t       0x000000000800d2de        0x0 linker stubs
 *(.eh_frame)
 *fill*         0x000000000800d2de        0x2 
 .eh_frame      0x000000000800d2e0        0x0 C:/ST/STM32CubeIDE_1.14.1/STM32CubeIDE/plugins/com.st.stm32cube.ide.mcu.externaltools.gnu-tools-for-stm32.11.3.rel1.win32_1.1.100.202309141235/tools/bin/../lib/gcc/arm-none-eabi/11.3.1/thumb/v7e-m+fp/hard/crtbegin.o
 *(.init)
 .init          0x000000000800d2e0        0x4 C:/ST/STM32CubeIDE_1.14.1/STM32CubeIDE/plugins/com.st.stm32cube.ide.mcu.externaltools.gnu-tools-for-stm32.11.3.rel1.win32_1.1.100.202309141235/tools/bin/../lib/gcc/arm-none-eabi/11.3.1/thumb/v7e-m+fp/hard/crti.o
                0x000000000800d2e0                _init
 .init          0x000000000800d2e4        0x8 C:/ST/STM32CubeIDE_1.14.1/STM32CubeIDE/plugins/com.st.stm32cube.ide.mcu.externaltools.gnu-tools-for-stm32.11.3.rel1.win32_1.1.100.202309141235/tools/bin/../lib/gcc/arm-none-eabi/11.3.1/thumb/v7e-m+fp/hard/crtn.o
 *(.fini)
 .fini          0x000000000800d2ec        0x4 C:/ST/STM32CubeIDE_1.14.1/STM32CubeIDE/plugins/com.st.stm32cube.ide.mcu.externaltools.gnu-tools-for-stm32.11.3.rel1.win32_1.1.100.202309141235/tools/bin/../lib/gcc/arm-none-eabi/11.3.1/thumb/v7e-m+fp/hard/crti.o
                0x000000000800d2ec                _fini
 .fini          0x000000000800d2f0        0x8 C:/ST/STM32CubeIDE_1.14.1/STM32CubeIDE/plugins/com.st.stm32cube.ide.mcu.externaltools.gnu-tools-for-stm32.11.3.rel1.win32_1.1.100.202309141235/tools/bin/../lib/gcc/arm-none-eabi/11.3.1/thumb/v7e-m+fp/hard/crtn.o
                0x000000000800d2f8                . = ALIGN (0x4)
                0x000000000800d2f8                _etext = .

.vfp11_veneer   0x000000000800d2f8        0x0
 .vfp11_veneer  0x000000000800d2f8        0x0 linker stubs

.v4_bx          0x000000000800d2f8        0x0
 .v4_bx         0x000000000800d2f8        0x0 linker stubs

.iplt           0x000000000800d2f8        0x0
 .iplt          0x000000000800d2f8        0x0 C:/ST/STM32CubeIDE_1.14.1/STM32CubeIDE/plugins/com.st.stm32cube.ide.mcu.externaltools.gnu-tools-for-stm32.11.3.rel1.win32_1.1.100.202309141235/tools/bin/../lib/gcc/arm-none-eabi/11.3.1/thumb/v7e-m+fp/hard/crtbegin.o

.rodata         0x000000000800d2f8      0x904
                0x000000000800d2f8                . = ALIGN (0x4)
 *(.rodata)
 .rodata        0x000000000800d2f8       0xd0 ./Core/Src/main.o
 .rodata        0x000000000800d3c8       0x4e ./Core/Src/oled.o
 *fill*         0x000000000800d416        0x2 
 .rodata        0x000000000800d418        0x5 ./Middlewares/Third_Party/FreeRTOS/Source/tasks.o
 *fill*         0x000000000800d41d        0x3 
 .rodata        0x000000000800d420        0xd ./Middlewares/Third_Party/FreeRTOS/Source/timers.o
 *fill*         0x000000000800d42d        0x3 
 .rodata        0x000000000800d430       0x46 ./USB_DEVICE/App/usbd_desc.o
 *(.rodata*)
 *fill*         0x000000000800d476        0x2 
 .rodata.company_logo
                0x000000000800d478      0x400 ./Core/Src/logo.o
                0x000000000800d478                company_logo
 .rodata.Input_Task_attributes
                0x000000000800d878       0x24 ./Core/Src/main.o
                0x000000000800d878                Input_Task_attributes
 .rodata.UI_Control_Task_attributes
                0x000000000800d89c       0x24 ./Core/Src/main.o
                0x000000000800d89c                UI_Control_Task_attributes
 .rodata.Metronome_Task_attributes
                0x000000000800d8c0       0x24 ./Core/Src/main.o
                0x000000000800d8c0                Metronome_Task_attributes
 .rodata.Audio_Out_Task_attributes
                0x000000000800d8e4       0x24 ./Core/Src/main.o
                0x000000000800d8e4                Audio_Out_Task_attributes
 .rodata.Screen_attributes
                0x000000000800d908       0x24 ./Core/Src/main.o
                0x000000000800d908                Screen_attributes
 .rodata.inputEventQueue_attributes
                0x000000000800d92c       0x18 ./Core/Src/main.o
                0x000000000800d92c                inputEventQueue_attributes
 .rodata.defaultScreenQueue_attributes
                0x000000000800d944       0x18 ./Core/Src/main.o
                0x000000000800d944                defaultScreenQueue_attributes
 .rodata.screenQueue_attributes
                0x000000000800d95c       0x18 ./Core/Src/main.o
                0x000000000800d95c                screenQueue_attributes
 .rodata.oled_font6x8
                0x000000000800d974      0x23a ./Core/Src/oled.o
 *fill*         0x000000000800dbae        0x2 
 .rodata.AHBPrescTable
                0x000000000800dbb0       0x10 ./Core/Src/system_stm32f4xx.o
                0x000000000800dbb0                AHBPrescTable
 .rodata.APBPrescTable
                0x000000000800dbc0        0x8 ./Core/Src/system_stm32f4xx.o
                0x000000000800dbc0                APBPrescTable
 .rodata._svfprintf_r.str1.1
                0x000000000800dbc8       0x11 C:/ST/STM32CubeIDE_1.14.1/STM32CubeIDE/plugins/com.st.stm32cube.ide.mcu.externaltools.gnu-tools-for-stm32.11.3.rel1.win32_1.1.100.202309141235/tools/bin/../lib/gcc/arm-none-eabi/11.3.1/../../../../arm-none-eabi/lib/thumb/v7e-m+fp/hard\libc_nano.a(libc_a-nano-svfprintf.o)
 .rodata._printf_i.str1.1
                0x000000000800dbd9       0x22 C:/ST/STM32CubeIDE_1.14.1/STM32CubeIDE/plugins/com.st.stm32cube.ide.mcu.externaltools.gnu-tools-for-stm32.11.3.rel1.win32_1.1.100.202309141235/tools/bin/../lib/gcc/arm-none-eabi/11.3.1/../../../../arm-none-eabi/lib/thumb/v7e-m+fp/hard\libc_nano.a(libc_a-nano-vfprintf_i.o)
                0x000000000800dbfc                . = ALIGN (0x4)
 *fill*         0x000000000800dbfb        0x1 

.ARM.extab      0x000000000800dbfc        0x0
                0x000000000800dbfc                . = ALIGN (0x4)
 *(.ARM.extab* .gnu.linkonce.armextab.*)
                0x000000000800dbfc                . = ALIGN (0x4)

.ARM            0x000000000800dbfc        0x8
                0x000000000800dbfc                . = ALIGN (0x4)
                0x000000000800dbfc                __exidx_start = .
 *(.ARM.exidx*)
 .ARM.exidx     0x000000000800dbfc        0x8 C:/ST/STM32CubeIDE_1.14.1/STM32CubeIDE/plugins/com.st.stm32cube.ide.mcu.externaltools.gnu-tools-for-stm32.11.3.rel1.win32_1.1.100.202309141235/tools/bin/../lib/gcc/arm-none-eabi/11.3.1/thumb/v7e-m+fp/hard\libgcc.a(_udivmoddi4.o)
                0x000000000800dc04                __exidx_end = .
                0x000000000800dc04                . = ALIGN (0x4)

.rel.dyn        0x000000000800dc04        0x0
 .rel.iplt      0x000000000800dc04        0x0 C:/ST/STM32CubeIDE_1.14.1/STM32CubeIDE/plugins/com.st.stm32cube.ide.mcu.externaltools.gnu-tools-for-stm32.11.3.rel1.win32_1.1.100.202309141235/tools/bin/../lib/gcc/arm-none-eabi/11.3.1/thumb/v7e-m+fp/hard/crtbegin.o

.preinit_array  0x000000000800dc04        0x0
                0x000000000800dc04                . = ALIGN (0x4)
                0x000000000800dc04                PROVIDE (__preinit_array_start = .)
 *(.preinit_array*)
                0x000000000800dc04                PROVIDE (__preinit_array_end = .)
                0x000000000800dc04                . = ALIGN (0x4)

.init_array     0x000000000800dc04        0x4
                0x000000000800dc04                . = ALIGN (0x4)
                0x000000000800dc04                PROVIDE (__init_array_start = .)
 *(SORT_BY_NAME(.init_array.*))
 *(.init_array*)
 .init_array    0x000000000800dc04        0x4 C:/ST/STM32CubeIDE_1.14.1/STM32CubeIDE/plugins/com.st.stm32cube.ide.mcu.externaltools.gnu-tools-for-stm32.11.3.rel1.win32_1.1.100.202309141235/tools/bin/../lib/gcc/arm-none-eabi/11.3.1/thumb/v7e-m+fp/hard/crtbegin.o
                0x000000000800dc08                PROVIDE (__init_array_end = .)
                0x000000000800dc08                . = ALIGN (0x4)

.fini_array     0x000000000800dc08        0x4
                0x000000000800dc08                . = ALIGN (0x4)
                [!provide]                        PROVIDE (__fini_array_start = .)
 *(SORT_BY_NAME(.fini_array.*))
 *(.fini_array*)
 .fini_array    0x000000000800dc08        0x4 C:/ST/STM32CubeIDE_1.14.1/STM32CubeIDE/plugins/com.st.stm32cube.ide.mcu.externaltools.gnu-tools-for-stm32.11.3.rel1.win32_1.1.100.202309141235/tools/bin/../lib/gcc/arm-none-eabi/11.3.1/thumb/v7e-m+fp/hard/crtbegin.o
                [!provide]                        PROVIDE (__fini_array_end = .)
                0x000000000800dc0c                . = ALIGN (0x4)
                0x000000000800dc0c                _sidata = LOADADDR (.data)

.data           0x0000000020000000      0x15c load address 0x000000000800dc0c
                0x0000000020000000                . = ALIGN (0x4)
                0x0000000020000000                _sdata = .
 *(.data)
 *(.data*)
 .data.bpm      0x0000000020000000        0x4 ./Core/Src/main.o
                0x0000000020000000                bpm
 .data.volume   0x0000000020000004        0x4 ./Core/Src/main.o
                0x0000000020000004                volume
 .data.firstDraw.0
                0x0000000020000008        0x4 ./Core/Src/main.o
 .data.SystemCoreClock
                0x000000002000000c        0x4 ./Core/Src/system_stm32f4xx.o
                0x000000002000000c                SystemCoreClock
 .data.uwTickPrio
                0x0000000020000010        0x4 ./Drivers/STM32F4xx_HAL_Driver/Src/stm32f4xx_hal.o
                0x0000000020000010                uwTickPrio
 .data.uwTickFreq
                0x0000000020000014        0x1 ./Drivers/STM32F4xx_HAL_Driver/Src/stm32f4xx_hal.o
                0x0000000020000014                uwTickFreq
 *fill*         0x0000000020000015        0x3 
 .data.USBD_CDC_DeviceQualifierDesc
                0x0000000020000018        0xa ./Middlewares/ST/STM32_USB_Device_Library/Class/CDC/Src/usbd_cdc.o
 *fill*         0x0000000020000022        0x2 
 .data.USBD_CDC
                0x0000000020000024       0x38 ./Middlewares/ST/STM32_USB_Device_Library/Class/CDC/Src/usbd_cdc.o
                0x0000000020000024                USBD_CDC
 .data.USBD_CDC_CfgDesc
                0x000000002000005c       0x43 ./Middlewares/ST/STM32_USB_Device_Library/Class/CDC/Src/usbd_cdc.o
 .data.CDCInEpAdd
                0x000000002000009f        0x1 ./Middlewares/ST/STM32_USB_Device_Library/Class/CDC/Src/usbd_cdc.o
 .data.CDCOutEpAdd
                0x00000000200000a0        0x1 ./Middlewares/ST/STM32_USB_Device_Library/Class/CDC/Src/usbd_cdc.o
 .data.CDCCmdEpAdd
                0x00000000200000a1        0x1 ./Middlewares/ST/STM32_USB_Device_Library/Class/CDC/Src/usbd_cdc.o
 *fill*         0x00000000200000a2        0x2 
 .data.uxCriticalNesting
                0x00000000200000a4        0x4 ./Middlewares/Third_Party/FreeRTOS/Source/portable/GCC/ARM_CM4F/port.o
 .data.USBD_Interface_fops_FS
                0x00000000200000a8       0x14 ./USB_DEVICE/App/usbd_cdc_if.o
                0x00000000200000a8                USBD_Interface_fops_FS
 .data.FS_Desc  0x00000000200000bc       0x1c ./USB_DEVICE/App/usbd_desc.o
                0x00000000200000bc                FS_Desc
 .data.USBD_FS_DeviceDesc
                0x00000000200000d8       0x12 ./USB_DEVICE/App/usbd_desc.o
                0x00000000200000d8                USBD_FS_DeviceDesc
 *fill*         0x00000000200000ea        0x2 
 .data.USBD_LangIDDesc
                0x00000000200000ec        0x4 ./USB_DEVICE/App/usbd_desc.o
                0x00000000200000ec                USBD_LangIDDesc
 .data.USBD_StringSerial
                0x00000000200000f0       0x1a ./USB_DEVICE/App/usbd_desc.o
                0x00000000200000f0                USBD_StringSerial
 *fill*         0x000000002000010a        0x2 
 .data._impure_data
                0x000000002000010c       0x4c C:/ST/STM32CubeIDE_1.14.1/STM32CubeIDE/plugins/com.st.stm32cube.ide.mcu.externaltools.gnu-tools-for-stm32.11.3.rel1.win32_1.1.100.202309141235/tools/bin/../lib/gcc/arm-none-eabi/11.3.1/../../../../arm-none-eabi/lib/thumb/v7e-m+fp/hard\libc_nano.a(libc_a-impure.o)
                0x000000002000010c                _impure_data
 .data._impure_ptr